0 verbose cli C:\Program Files\nodejs\node.exe C:\Users\Asus\AppData\Roaming\npm\node_modules\npm\bin\npm-cli.js
1 info using npm@10.8.2
2 info using node@v24.11.1
3 silly config load:file:C:\Users\Asus\AppData\Roaming\npm\node_modules\npm\npmrc
4 silly config load:file:C:\GitHub\TECHNOPULSE\.npmrc
5 silly config load:file:C:\Users\Asus\.npmrc
6 silly config load:file:C:\Users\Asus\AppData\Roaming\npm\etc\npmrc
7 verbose title npm init vite@latest
8 verbose argv "init" "vite@latest"
9 verbose logfile logs-max:10 dir:C:\GitHub\TECHNOPULSE\UsersAsusnpm-cache\_logs\2025-11-23T16_35_49_687Z-
10 verbose logfile C:\GitHub\TECHNOPULSE\UsersAsusnpm-cache\_logs\2025-11-23T16_35_49_687Z-debug-0.log
11 silly logfile done cleaning log files
12 silly packumentCache heap:2348810240 maxSize:587202560 maxEntrySize:293601280
13 http fetch GET 200 https://registry.npmjs.org/create-vite 148ms (cache miss)
14 silly packumentCache heap:2348810240 maxSize:587202560 maxEntrySize:293601280
15 http fetch GET 200 https://registry.npmjs.org/npm 206ms
16 silly idealTree buildDeps
17 silly fetch manifest create-vite@8.2.0
18 silly packumentCache full:https://registry.npmjs.org/create-vite cache-miss
19 http fetch GET 200 https://registry.npmjs.org/create-vite 72ms (cache miss)
20 silly packumentCache full:https://registry.npmjs.org/create-vite set size:undefined disposed:false
21 silly placeDep ROOT create-vite@8.2.0 OK for:  want: 8.2.0
22 silly reify moves {}
23 silly audit bulk request { 'create-vite': [ '8.2.0' ] }
24 silly tarball no local data for create-vite@https://registry.npmjs.org/create-vite/-/create-vite-8.2.0.tgz. Extracting by manifest.
25 http fetch POST 200 https://registry.npmjs.org/-/npm/v1/security/advisories/bulk 258ms
26 silly audit report {}
27 http fetch GET 200 https://registry.npmjs.org/create-vite/-/create-vite-8.2.0.tgz 355ms (cache miss)
28 verbose stack Error: command failed
28 verbose stack     at promiseSpawn (C:\Users\Asus\AppData\Roaming\npm\node_modules\npm\node_modules\@npmcli\promise-spawn\lib\index.js:22:22)
28 verbose stack     at spawnWithShell (C:\Users\Asus\AppData\Roaming\npm\node_modules\npm\node_modules\@npmcli\promise-spawn\lib\index.js:124:10)
28 verbose stack     at promiseSpawn (C:\Users\Asus\AppData\Roaming\npm\node_modules\npm\node_modules\@npmcli\promise-spawn\lib\index.js:12:12)
28 verbose stack     at runScriptPkg (C:\Users\Asus\AppData\Roaming\npm\node_modules\npm\node_modules\@npmcli\run-script\lib\run-script-pkg.js:77:13)
28 verbose stack     at runScript (C:\Users\Asus\AppData\Roaming\npm\node_modules\npm\node_modules\@npmcli\run-script\lib\run-script.js:9:12)
28 verbose stack     at run (C:\Users\Asus\AppData\Roaming\npm\node_modules\npm\node_modules\libnpmexec\lib\run-script.js:48:10)
28 verbose stack     at async exec (C:\Users\Asus\AppData\Roaming\npm\node_modules\npm\node_modules\libnpmexec\lib\index.js:293:10)
28 verbose stack     at async Init.execCreate (C:\Users\Asus\AppData\Roaming\npm\node_modules\npm\lib\commands\init.js:136:5)
28 verbose stack     at async Init.exec (C:\Users\Asus\AppData\Roaming\npm\node_modules\npm\lib\commands\init.js:44:14)
28 verbose stack     at async Npm.exec (C:\Users\Asus\AppData\Roaming\npm\node_modules\npm\lib\npm.js:207:9)
29 error code 1073807364
30 error path C:\GitHub\TECHNOPULSE
31 error command failed
32 error command C:\Windows\system32\cmd.exe /d /s /c create-vite
33 verbose cwd C:\GitHub\TECHNOPULSE
34 verbose os Windows_NT 10.0.22631
35 verbose node v24.11.1
36 verbose npm  v10.8.2
37 notice
37 notice New [31mmajor[39m version of npm available! [31m10.8.2[39m -> [34m11.6.3[39m
37 notice Changelog: [34mhttps://github.com/npm/cli/releases/tag/v11.6.3[39m
37 notice To update run: [4mnpm install -g npm@11.6.3[24m
37 notice  { force: true, Symbol(proc-log.meta): true }
38 verbose exit 1073807364
39 verbose code 1073807364
40 error A complete log of this run can be found in: C:\GitHub\TECHNOPULSE\UsersAsusnpm-cache\_logs\2025-11-23T16_35_49_687Z-debug-0.log
