0 verbose cli C:\Program Files\nodejs\node.exe C:\Users\Asus\AppData\Roaming\npm\node_modules\npm\bin\npm-cli.js
1 info using npm@10.8.2
2 info using node@v24.11.1
3 silly config load:file:C:\Users\Asus\AppData\Roaming\npm\node_modules\npm\npmrc
4 silly config load:file:C:\GitHub\TECHNOPULSE\.npmrc
5 silly config load:file:C:\Users\Asus\.npmrc
6 silly config load:file:C:\Users\Asus\AppData\Roaming\npm\etc\npmrc
7 verbose title npm i
8 verbose argv "i"
9 verbose logfile logs-max:10 dir:C:\GitHub\TECHNOPULSE\UsersAsusnpm-cache\_logs\2025-11-30T00_22_26_927Z-
10 verbose logfile C:\GitHub\TECHNOPULSE\UsersAsusnpm-cache\_logs\2025-11-30T00_22_26_927Z-debug-0.log
11 silly packumentCache heap:2348810240 maxSize:587202560 maxEntrySize:293601280
12 silly logfile start cleaning logs, removing 1 files
13 silly logfile done cleaning log files
14 silly idealTree buildDeps
15 silly reify moves {}
16 silly audit bulk request {
16 silly audit   '@esbuild/aix-ppc64': [ '0.25.12' ],
16 silly audit   '@esbuild/android-arm': [ '0.25.12' ],
16 silly audit   '@esbuild/android-arm64': [ '0.25.12' ],
16 silly audit   '@esbuild/android-x64': [ '0.25.12' ],
16 silly audit   '@esbuild/darwin-arm64': [ '0.25.12' ],
16 silly audit   '@esbuild/darwin-x64': [ '0.25.12' ],
16 silly audit   '@esbuild/freebsd-arm64': [ '0.25.12' ],
16 silly audit   '@esbuild/freebsd-x64': [ '0.25.12' ],
16 silly audit   '@esbuild/linux-arm': [ '0.25.12' ],
16 silly audit   '@esbuild/linux-arm64': [ '0.25.12' ],
16 silly audit   '@esbuild/linux-ia32': [ '0.25.12' ],
16 silly audit   '@esbuild/linux-loong64': [ '0.25.12' ],
16 silly audit   '@esbuild/linux-mips64el': [ '0.25.12' ],
16 silly audit   '@esbuild/linux-ppc64': [ '0.25.12' ],
16 silly audit   '@esbuild/linux-riscv64': [ '0.25.12' ],
16 silly audit   '@esbuild/linux-s390x': [ '0.25.12' ],
16 silly audit   '@esbuild/linux-x64': [ '0.25.12' ],
16 silly audit   '@esbuild/netbsd-arm64': [ '0.25.12' ],
16 silly audit   '@esbuild/netbsd-x64': [ '0.25.12' ],
16 silly audit   '@esbuild/openbsd-arm64': [ '0.25.12' ],
16 silly audit   '@esbuild/openbsd-x64': [ '0.25.12' ],
16 silly audit   '@esbuild/openharmony-arm64': [ '0.25.12' ],
16 silly audit   '@esbuild/sunos-x64': [ '0.25.12' ],
16 silly audit   '@esbuild/win32-arm64': [ '0.25.12' ],
16 silly audit   '@esbuild/win32-ia32': [ '0.25.12' ],
16 silly audit   '@esbuild/win32-x64': [ '0.25.12' ],
16 silly audit   '@rollup/rollup-android-arm-eabi': [ '4.53.3' ],
16 silly audit   '@rollup/rollup-android-arm64': [ '4.53.3' ],
16 silly audit   '@rollup/rollup-darwin-arm64': [ '4.53.3' ],
16 silly audit   '@rollup/rollup-darwin-x64': [ '4.53.3' ],
16 silly audit   '@rollup/rollup-freebsd-arm64': [ '4.53.3' ],
16 silly audit   '@rollup/rollup-freebsd-x64': [ '4.53.3' ],
16 silly audit   '@rollup/rollup-linux-arm-gnueabihf': [ '4.53.3' ],
16 silly audit   '@rollup/rollup-linux-arm-musleabihf': [ '4.53.3' ],
16 silly audit   '@rollup/rollup-linux-arm64-gnu': [ '4.53.3' ],
16 silly audit   '@rollup/rollup-linux-arm64-musl': [ '4.53.3' ],
16 silly audit   '@rollup/rollup-linux-loong64-gnu': [ '4.53.3' ],
16 silly audit   '@rollup/rollup-linux-ppc64-gnu': [ '4.53.3' ],
16 silly audit   '@rollup/rollup-linux-riscv64-gnu': [ '4.53.3' ],
16 silly audit   '@rollup/rollup-linux-riscv64-musl': [ '4.53.3' ],
16 silly audit   '@rollup/rollup-linux-s390x-gnu': [ '4.53.3' ],
16 silly audit   '@rollup/rollup-linux-x64-gnu': [ '4.53.3' ],
16 silly audit   '@rollup/rollup-linux-x64-musl': [ '4.53.3' ],
16 silly audit   '@rollup/rollup-openharmony-arm64': [ '4.53.3' ],
16 silly audit   '@rollup/rollup-win32-arm64-msvc': [ '4.53.3' ],
16 silly audit   '@rollup/rollup-win32-ia32-msvc': [ '4.53.3' ],
16 silly audit   '@rollup/rollup-win32-x64-gnu': [ '4.53.3' ],
16 silly audit   '@rollup/rollup-win32-x64-msvc': [ '4.53.3' ],
16 silly audit   '@types/estree': [ '1.0.8' ],
16 silly audit   esbuild: [ '0.25.12' ],
16 silly audit   fdir: [ '6.5.0' ],
16 silly audit   fsevents: [ '2.3.3' ],
16 silly audit   nanoid: [ '3.3.11' ],
16 silly audit   picocolors: [ '1.1.1' ],
16 silly audit   picomatch: [ '4.0.3' ],
16 silly audit   postcss: [ '8.5.6' ],
16 silly audit   react: [ '19.2.0' ],
16 silly audit   'react-icons': [ '5.5.0' ],
16 silly audit   rollup: [ '4.53.3' ],
16 silly audit   'source-map-js': [ '1.2.1' ],
16 silly audit   tinyglobby: [ '0.2.15' ],
16 silly audit   vite: [ '7.2.4' ]
16 silly audit }
17 verbose reify failed optional dependency C:\GitHub\TECHNOPULSE\node_modules\fsevents
18 silly reify mark deleted [ 'C:\\GitHub\\TECHNOPULSE\\node_modules\\fsevents' ]
19 verbose reify failed optional dependency C:\GitHub\TECHNOPULSE\node_modules\@rollup\rollup-win32-ia32-msvc
20 silly reify mark deleted [
20 silly reify   'C:\\GitHub\\TECHNOPULSE\\node_modules\\@rollup\\rollup-win32-ia32-msvc'
20 silly reify ]
21 verbose reify failed optional dependency C:\GitHub\TECHNOPULSE\node_modules\@rollup\rollup-win32-arm64-msvc
22 silly reify mark deleted [
22 silly reify   'C:\\GitHub\\TECHNOPULSE\\node_modules\\@rollup\\rollup-win32-arm64-msvc'
22 silly reify ]
23 verbose reify failed optional dependency C:\GitHub\TECHNOPULSE\node_modules\@rollup\rollup-openharmony-arm64
24 silly reify mark deleted [
24 silly reify   'C:\\GitHub\\TECHNOPULSE\\node_modules\\@rollup\\rollup-openharmony-arm64'
24 silly reify ]
25 verbose reify failed optional dependency C:\GitHub\TECHNOPULSE\node_modules\@rollup\rollup-linux-x64-musl
26 silly reify mark deleted [
26 silly reify   'C:\\GitHub\\TECHNOPULSE\\node_modules\\@rollup\\rollup-linux-x64-musl'
26 silly reify ]
27 verbose reify failed optional dependency C:\GitHub\TECHNOPULSE\node_modules\@rollup\rollup-linux-x64-gnu
28 silly reify mark deleted [
28 silly reify   'C:\\GitHub\\TECHNOPULSE\\node_modules\\@rollup\\rollup-linux-x64-gnu'
28 silly reify ]
29 verbose reify failed optional dependency C:\GitHub\TECHNOPULSE\node_modules\@rollup\rollup-linux-s390x-gnu
30 silly reify mark deleted [
30 silly reify   'C:\\GitHub\\TECHNOPULSE\\node_modules\\@rollup\\rollup-linux-s390x-gnu'
30 silly reify ]
31 verbose reify failed optional dependency C:\GitHub\TECHNOPULSE\node_modules\@rollup\rollup-linux-riscv64-musl
32 silly reify mark deleted [
32 silly reify   'C:\\GitHub\\TECHNOPULSE\\node_modules\\@rollup\\rollup-linux-riscv64-musl'
32 silly reify ]
33 verbose reify failed optional dependency C:\GitHub\TECHNOPULSE\node_modules\@rollup\rollup-linux-riscv64-gnu
34 silly reify mark deleted [
34 silly reify   'C:\\GitHub\\TECHNOPULSE\\node_modules\\@rollup\\rollup-linux-riscv64-gnu'
34 silly reify ]
35 verbose reify failed optional dependency C:\GitHub\TECHNOPULSE\node_modules\@rollup\rollup-linux-ppc64-gnu
36 silly reify mark deleted [
36 silly reify   'C:\\GitHub\\TECHNOPULSE\\node_modules\\@rollup\\rollup-linux-ppc64-gnu'
36 silly reify ]
37 verbose reify failed optional dependency C:\GitHub\TECHNOPULSE\node_modules\@rollup\rollup-linux-loong64-gnu
38 silly reify mark deleted [
38 silly reify   'C:\\GitHub\\TECHNOPULSE\\node_modules\\@rollup\\rollup-linux-loong64-gnu'
38 silly reify ]
39 verbose reify failed optional dependency C:\GitHub\TECHNOPULSE\node_modules\@rollup\rollup-linux-arm64-musl
40 silly reify mark deleted [
40 silly reify   'C:\\GitHub\\TECHNOPULSE\\node_modules\\@rollup\\rollup-linux-arm64-musl'
40 silly reify ]
41 verbose reify failed optional dependency C:\GitHub\TECHNOPULSE\node_modules\@rollup\rollup-linux-arm64-gnu
42 silly reify mark deleted [
42 silly reify   'C:\\GitHub\\TECHNOPULSE\\node_modules\\@rollup\\rollup-linux-arm64-gnu'
42 silly reify ]
43 verbose reify failed optional dependency C:\GitHub\TECHNOPULSE\node_modules\@rollup\rollup-linux-arm-musleabihf
44 silly reify mark deleted [
44 silly reify   'C:\\GitHub\\TECHNOPULSE\\node_modules\\@rollup\\rollup-linux-arm-musleabihf'
44 silly reify ]
45 verbose reify failed optional dependency C:\GitHub\TECHNOPULSE\node_modules\@rollup\rollup-linux-arm-gnueabihf
46 silly reify mark deleted [
46 silly reify   'C:\\GitHub\\TECHNOPULSE\\node_modules\\@rollup\\rollup-linux-arm-gnueabihf'
46 silly reify ]
47 verbose reify failed optional dependency C:\GitHub\TECHNOPULSE\node_modules\@rollup\rollup-freebsd-x64
48 silly reify mark deleted [
48 silly reify   'C:\\GitHub\\TECHNOPULSE\\node_modules\\@rollup\\rollup-freebsd-x64'
48 silly reify ]
49 verbose reify failed optional dependency C:\GitHub\TECHNOPULSE\node_modules\@rollup\rollup-freebsd-arm64
50 silly reify mark deleted [
50 silly reify   'C:\\GitHub\\TECHNOPULSE\\node_modules\\@rollup\\rollup-freebsd-arm64'
50 silly reify ]
51 verbose reify failed optional dependency C:\GitHub\TECHNOPULSE\node_modules\@rollup\rollup-darwin-x64
52 silly reify mark deleted [ 'C:\\GitHub\\TECHNOPULSE\\node_modules\\@rollup\\rollup-darwin-x64' ]
53 verbose reify failed optional dependency C:\GitHub\TECHNOPULSE\node_modules\@rollup\rollup-darwin-arm64
54 silly reify mark deleted [
54 silly reify   'C:\\GitHub\\TECHNOPULSE\\node_modules\\@rollup\\rollup-darwin-arm64'
54 silly reify ]
55 verbose reify failed optional dependency C:\GitHub\TECHNOPULSE\node_modules\@rollup\rollup-android-arm64
56 silly reify mark deleted [
56 silly reify   'C:\\GitHub\\TECHNOPULSE\\node_modules\\@rollup\\rollup-android-arm64'
56 silly reify ]
57 verbose reify failed optional dependency C:\GitHub\TECHNOPULSE\node_modules\@rollup\rollup-android-arm-eabi
58 silly reify mark deleted [
58 silly reify   'C:\\GitHub\\TECHNOPULSE\\node_modules\\@rollup\\rollup-android-arm-eabi'
58 silly reify ]
59 verbose reify failed optional dependency C:\GitHub\TECHNOPULSE\node_modules\@esbuild\win32-ia32
60 silly reify mark deleted [ 'C:\\GitHub\\TECHNOPULSE\\node_modules\\@esbuild\\win32-ia32' ]
61 verbose reify failed optional dependency C:\GitHub\TECHNOPULSE\node_modules\@esbuild\win32-arm64
62 silly reify mark deleted [ 'C:\\GitHub\\TECHNOPULSE\\node_modules\\@esbuild\\win32-arm64' ]
63 verbose reify failed optional dependency C:\GitHub\TECHNOPULSE\node_modules\@esbuild\sunos-x64
64 silly reify mark deleted [ 'C:\\GitHub\\TECHNOPULSE\\node_modules\\@esbuild\\sunos-x64' ]
65 verbose reify failed optional dependency C:\GitHub\TECHNOPULSE\node_modules\@esbuild\openharmony-arm64
66 silly reify mark deleted [
66 silly reify   'C:\\GitHub\\TECHNOPULSE\\node_modules\\@esbuild\\openharmony-arm64'
66 silly reify ]
67 verbose reify failed optional dependency C:\GitHub\TECHNOPULSE\node_modules\@esbuild\openbsd-x64
68 silly reify mark deleted [ 'C:\\GitHub\\TECHNOPULSE\\node_modules\\@esbuild\\openbsd-x64' ]
69 verbose reify failed optional dependency C:\GitHub\TECHNOPULSE\node_modules\@esbuild\openbsd-arm64
70 silly reify mark deleted [ 'C:\\GitHub\\TECHNOPULSE\\node_modules\\@esbuild\\openbsd-arm64' ]
71 verbose reify failed optional dependency C:\GitHub\TECHNOPULSE\node_modules\@esbuild\netbsd-x64
72 silly reify mark deleted [ 'C:\\GitHub\\TECHNOPULSE\\node_modules\\@esbuild\\netbsd-x64' ]
73 verbose reify failed optional dependency C:\GitHub\TECHNOPULSE\node_modules\@esbuild\netbsd-arm64
74 silly reify mark deleted [ 'C:\\GitHub\\TECHNOPULSE\\node_modules\\@esbuild\\netbsd-arm64' ]
75 verbose reify failed optional dependency C:\GitHub\TECHNOPULSE\node_modules\@esbuild\linux-x64
76 silly reify mark deleted [ 'C:\\GitHub\\TECHNOPULSE\\node_modules\\@esbuild\\linux-x64' ]
77 verbose reify failed optional dependency C:\GitHub\TECHNOPULSE\node_modules\@esbuild\linux-s390x
78 silly reify mark deleted [ 'C:\\GitHub\\TECHNOPULSE\\node_modules\\@esbuild\\linux-s390x' ]
79 verbose reify failed optional dependency C:\GitHub\TECHNOPULSE\node_modules\@esbuild\linux-riscv64
80 silly reify mark deleted [ 'C:\\GitHub\\TECHNOPULSE\\node_modules\\@esbuild\\linux-riscv64' ]
81 verbose reify failed optional dependency C:\GitHub\TECHNOPULSE\node_modules\@esbuild\linux-ppc64
82 silly reify mark deleted [ 'C:\\GitHub\\TECHNOPULSE\\node_modules\\@esbuild\\linux-ppc64' ]
83 verbose reify failed optional dependency C:\GitHub\TECHNOPULSE\node_modules\@esbuild\linux-mips64el
84 silly reify mark deleted [ 'C:\\GitHub\\TECHNOPULSE\\node_modules\\@esbuild\\linux-mips64el' ]
85 verbose reify failed optional dependency C:\GitHub\TECHNOPULSE\node_modules\@esbuild\linux-loong64
86 silly reify mark deleted [ 'C:\\GitHub\\TECHNOPULSE\\node_modules\\@esbuild\\linux-loong64' ]
87 verbose reify failed optional dependency C:\GitHub\TECHNOPULSE\node_modules\@esbuild\linux-ia32
88 silly reify mark deleted [ 'C:\\GitHub\\TECHNOPULSE\\node_modules\\@esbuild\\linux-ia32' ]
89 verbose reify failed optional dependency C:\GitHub\TECHNOPULSE\node_modules\@esbuild\linux-arm64
90 silly reify mark deleted [ 'C:\\GitHub\\TECHNOPULSE\\node_modules\\@esbuild\\linux-arm64' ]
91 verbose reify failed optional dependency C:\GitHub\TECHNOPULSE\node_modules\@esbuild\linux-arm
92 silly reify mark deleted [ 'C:\\GitHub\\TECHNOPULSE\\node_modules\\@esbuild\\linux-arm' ]
93 verbose reify failed optional dependency C:\GitHub\TECHNOPULSE\node_modules\@esbuild\freebsd-x64
94 silly reify mark deleted [ 'C:\\GitHub\\TECHNOPULSE\\node_modules\\@esbuild\\freebsd-x64' ]
95 verbose reify failed optional dependency C:\GitHub\TECHNOPULSE\node_modules\@esbuild\freebsd-arm64
96 silly reify mark deleted [ 'C:\\GitHub\\TECHNOPULSE\\node_modules\\@esbuild\\freebsd-arm64' ]
97 verbose reify failed optional dependency C:\GitHub\TECHNOPULSE\node_modules\@esbuild\darwin-x64
98 silly reify mark deleted [ 'C:\\GitHub\\TECHNOPULSE\\node_modules\\@esbuild\\darwin-x64' ]
99 verbose reify failed optional dependency C:\GitHub\TECHNOPULSE\node_modules\@esbuild\darwin-arm64
100 silly reify mark deleted [ 'C:\\GitHub\\TECHNOPULSE\\node_modules\\@esbuild\\darwin-arm64' ]
101 verbose reify failed optional dependency C:\GitHub\TECHNOPULSE\node_modules\@esbuild\android-x64
102 silly reify mark deleted [ 'C:\\GitHub\\TECHNOPULSE\\node_modules\\@esbuild\\android-x64' ]
103 verbose reify failed optional dependency C:\GitHub\TECHNOPULSE\node_modules\@esbuild\android-arm64
104 silly reify mark deleted [ 'C:\\GitHub\\TECHNOPULSE\\node_modules\\@esbuild\\android-arm64' ]
105 verbose reify failed optional dependency C:\GitHub\TECHNOPULSE\node_modules\@esbuild\android-arm
106 silly reify mark deleted [ 'C:\\GitHub\\TECHNOPULSE\\node_modules\\@esbuild\\android-arm' ]
107 verbose reify failed optional dependency C:\GitHub\TECHNOPULSE\node_modules\@esbuild\aix-ppc64
108 silly reify mark deleted [ 'C:\\GitHub\\TECHNOPULSE\\node_modules\\@esbuild\\aix-ppc64' ]
109 http fetch POST 200 https://registry.npmjs.org/-/npm/v1/security/advisories/bulk 378ms
110 silly audit report {}
111 silly ADD
112 silly ADD
113 silly ADD
114 silly ADD
115 silly ADD
116 silly ADD
117 silly ADD
118 silly ADD
119 silly ADD
120 silly ADD
121 silly ADD
122 silly ADD
123 silly ADD
124 silly ADD
125 silly ADD
126 silly ADD
127 silly ADD
128 silly ADD
129 silly ADD
130 silly ADD
131 silly ADD
132 silly ADD
133 silly ADD
134 silly ADD
135 silly ADD
136 silly ADD
137 silly ADD
138 silly ADD
139 silly ADD
140 silly ADD
141 silly ADD
142 silly ADD
143 silly ADD
144 silly ADD
145 silly ADD
146 silly ADD
147 silly ADD
148 silly ADD
149 silly ADD
150 silly ADD
151 silly ADD
152 silly ADD
153 silly ADD
154 silly ADD
155 silly ADD
156 silly ADD
157 verbose cwd C:\GitHub\TECHNOPULSE
158 verbose os Windows_NT 10.0.22631
159 verbose node v24.11.1
160 verbose npm  v10.8.2
161 verbose exit 0
162 info ok
