0 verbose cli C:\Program Files\nodejs\node.exe C:\Users\Asus\AppData\Roaming\npm\node_modules\npm\bin\npm-cli.js
1 info using npm@10.8.2
2 info using node@v24.11.1
3 silly config load:file:C:\Users\Asus\AppData\Roaming\npm\node_modules\npm\npmrc
4 silly config load:file:C:\GitHub\TECHNOPULSE\vite-progect\.npmrc
5 silly config load:file:C:\Users\Asus\.npmrc
6 silly config load:file:C:\Users\Asus\AppData\Roaming\npm\etc\npmrc
7 verbose title npm install
8 verbose argv "install"
9 verbose logfile logs-max:10 dir:C:\GitHub\TECHNOPULSE\UsersAsusnpm-cache\_logs\2025-11-24T11_58_03_671Z-
10 verbose logfile C:\GitHub\TECHNOPULSE\UsersAsusnpm-cache\_logs\2025-11-24T11_58_03_671Z-debug-0.log
11 silly packumentCache heap:2348810240 maxSize:587202560 maxEntrySize:293601280
12 silly logfile done cleaning log files
13 silly idealTree buildDeps
14 verbose shrinkwrap failed to load node_modules/.package-lock.json out of date, updated: node_modules
15 silly reify moves {}
16 silly audit bulk request {
16 silly audit   '@babel/code-frame': [ '7.27.1' ],
16 silly audit   '@babel/compat-data': [ '7.28.5' ],
16 silly audit   '@babel/core': [ '7.28.5' ],
16 silly audit   '@babel/generator': [ '7.28.5' ],
16 silly audit   '@babel/helper-compilation-targets': [ '7.27.2' ],
16 silly audit   '@babel/helper-globals': [ '7.28.0' ],
16 silly audit   '@babel/helper-module-imports': [ '7.27.1' ],
16 silly audit   '@babel/helper-module-transforms': [ '7.28.3' ],
16 silly audit   '@babel/helper-string-parser': [ '7.27.1' ],
16 silly audit   '@babel/helper-validator-identifier': [ '7.28.5' ],
16 silly audit   '@babel/helper-validator-option': [ '7.27.1' ],
16 silly audit   '@babel/helpers': [ '7.28.4' ],
16 silly audit   '@babel/parser': [ '7.28.5' ],
16 silly audit   '@babel/template': [ '7.27.2' ],
16 silly audit   '@babel/traverse': [ '7.28.5' ],
16 silly audit   '@babel/types': [ '7.28.5' ],
16 silly audit   '@emnapi/core': [ '1.7.1' ],
16 silly audit   '@emnapi/runtime': [ '1.7.1' ],
16 silly audit   '@emnapi/wasi-threads': [ '1.1.0' ],
16 silly audit   '@eslint-community/eslint-utils': [ '4.9.0' ],
16 silly audit   'eslint-visitor-keys': [ '3.4.3', '4.2.1' ],
16 silly audit   '@eslint-community/regexpp': [ '4.12.2' ],
16 silly audit   '@eslint/config-array': [ '0.21.1' ],
16 silly audit   '@eslint/config-helpers': [ '0.4.2' ],
16 silly audit   '@eslint/core': [ '0.17.0' ],
16 silly audit   '@eslint/eslintrc': [ '3.3.1' ],
16 silly audit   globals: [ '14.0.0', '16.5.0' ],
16 silly audit   '@eslint/js': [ '9.39.1' ],
16 silly audit   '@eslint/object-schema': [ '2.1.7' ],
16 silly audit   '@eslint/plugin-kit': [ '0.4.1' ],
16 silly audit   '@humanfs/core': [ '0.19.1' ],
16 silly audit   '@humanfs/node': [ '0.16.7' ],
16 silly audit   '@humanwhocodes/module-importer': [ '1.0.1' ],
16 silly audit   '@humanwhocodes/retry': [ '0.4.3' ],
16 silly audit   '@jridgewell/gen-mapping': [ '0.3.13' ],
16 silly audit   '@jridgewell/remapping': [ '2.3.5' ],
16 silly audit   '@jridgewell/resolve-uri': [ '3.1.2' ],
16 silly audit   '@jridgewell/sourcemap-codec': [ '1.5.5' ],
16 silly audit   '@jridgewell/trace-mapping': [ '0.3.31' ],
16 silly audit   '@napi-rs/wasm-runtime': [ '1.0.7' ],
16 silly audit   '@oxc-project/runtime': [ '0.97.0' ],
16 silly audit   '@oxc-project/types': [ '0.97.0' ],
16 silly audit   '@rolldown/binding-android-arm64': [ '1.0.0-beta.50' ],
16 silly audit   '@rolldown/binding-darwin-arm64': [ '1.0.0-beta.50' ],
16 silly audit   '@rolldown/binding-darwin-x64': [ '1.0.0-beta.50' ],
16 silly audit   '@rolldown/binding-freebsd-x64': [ '1.0.0-beta.50' ],
16 silly audit   '@rolldown/binding-linux-arm-gnueabihf': [ '1.0.0-beta.50' ],
16 silly audit   '@rolldown/binding-linux-arm64-gnu': [ '1.0.0-beta.50' ],
16 silly audit   '@rolldown/binding-linux-arm64-musl': [ '1.0.0-beta.50' ],
16 silly audit   '@rolldown/binding-linux-x64-gnu': [ '1.0.0-beta.50' ],
16 silly audit   '@rolldown/binding-linux-x64-musl': [ '1.0.0-beta.50' ],
16 silly audit   '@rolldown/binding-openharmony-arm64': [ '1.0.0-beta.50' ],
16 silly audit   '@rolldown/binding-wasm32-wasi': [ '1.0.0-beta.50' ],
16 silly audit   '@rolldown/binding-win32-arm64-msvc': [ '1.0.0-beta.50' ],
16 silly audit   '@rolldown/binding-win32-ia32-msvc': [ '1.0.0-beta.50' ],
16 silly audit   '@rolldown/binding-win32-x64-msvc': [ '1.0.0-beta.50' ],
16 silly audit   '@rolldown/pluginutils': [ '1.0.0-beta.47', '1.0.0-beta.50' ],
16 silly audit   '@swc/core': [ '1.15.3' ],
16 silly audit   '@swc/core-darwin-arm64': [ '1.15.3' ],
16 silly audit   '@swc/core-darwin-x64': [ '1.15.3' ],
16 silly audit   '@swc/core-linux-arm-gnueabihf': [ '1.15.3' ],
16 silly audit   '@swc/core-linux-arm64-gnu': [ '1.15.3' ],
16 silly audit   '@swc/core-linux-arm64-musl': [ '1.15.3' ],
16 silly audit   '@swc/core-linux-x64-gnu': [ '1.15.3' ],
16 silly audit   '@swc/core-linux-x64-musl': [ '1.15.3' ],
16 silly audit   '@swc/core-win32-arm64-msvc': [ '1.15.3' ],
16 silly audit   '@swc/core-win32-ia32-msvc': [ '1.15.3' ],
16 silly audit   '@swc/core-win32-x64-msvc': [ '1.15.3' ],
16 silly audit   '@swc/counter': [ '0.1.3' ],
16 silly audit   '@swc/types': [ '0.1.25' ],
16 silly audit   '@tybys/wasm-util': [ '0.10.1' ],
16 silly audit   '@types/estree': [ '1.0.8' ],
16 silly audit   '@types/json-schema': [ '7.0.15' ],
16 silly audit   '@types/react': [ '19.2.6' ],
16 silly audit   '@types/react-dom': [ '19.2.3' ],
16 silly audit   '@vitejs/plugin-react-swc': [ '4.2.2' ],
16 silly audit   acorn: [ '8.15.0' ],
16 silly audit   'acorn-jsx': [ '5.3.2' ],
16 silly audit   ajv: [ '6.12.6' ],
16 silly audit   'ansi-styles': [ '4.3.0' ],
16 silly audit   argparse: [ '2.0.1' ],
16 silly audit   'balanced-match': [ '1.0.2' ],
16 silly audit   'baseline-browser-mapping': [ '2.8.31' ],
16 silly audit   'brace-expansion': [ '1.1.12' ],
16 silly audit   browserslist: [ '4.28.0' ],
16 silly audit   callsites: [ '3.1.0' ],
16 silly audit   'caniuse-lite': [ '1.0.30001756' ],
16 silly audit   chalk: [ '4.1.2' ],
16 silly audit   'color-convert': [ '2.0.1' ],
16 silly audit   'color-name': [ '1.1.4' ],
16 silly audit   'concat-map': [ '0.0.1' ],
16 silly audit   'convert-source-map': [ '2.0.0' ],
16 silly audit   'cross-spawn': [ '7.0.6' ],
16 silly audit   csstype: [ '3.2.3' ],
16 silly audit   debug: [ '4.4.3' ],
16 silly audit   'deep-is': [ '0.1.4' ],
16 silly audit   'detect-libc': [ '2.1.2' ],
16 silly audit   'electron-to-chromium': [ '1.5.259' ],
16 silly audit   escalade: [ '3.2.0' ],
16 silly audit   'escape-string-regexp': [ '4.0.0' ],
16 silly audit   eslint: [ '9.39.1' ],
16 silly audit   'eslint-plugin-react-hooks': [ '7.0.1' ],
16 silly audit   'eslint-plugin-react-refresh': [ '0.4.24' ],
16 silly audit   'eslint-scope': [ '8.4.0' ],
16 silly audit   espree: [ '10.4.0' ],
16 silly audit   esquery: [ '1.6.0' ],
16 silly audit   esrecurse: [ '4.3.0' ],
16 silly audit   estraverse: [ '5.3.0' ],
16 silly audit   esutils: [ '2.0.3' ],
16 silly audit   'fast-deep-equal': [ '3.1.3' ],
16 silly audit   'fast-json-stable-stringify': [ '2.1.0' ],
16 silly audit   'fast-levenshtein': [ '2.0.6' ],
16 silly audit   fdir: [ '6.5.0' ],
16 silly audit   'file-entry-cache': [ '8.0.0' ],
16 silly audit   'find-up': [ '5.0.0' ],
16 silly audit   'flat-cache': [ '4.0.1' ],
16 silly audit   flatted: [ '3.3.3' ],
16 silly audit   fsevents: [ '2.3.3' ],
16 silly audit   gensync: [ '1.0.0-beta.2' ],
16 silly audit   'glob-parent': [ '6.0.2' ],
16 silly audit   'has-flag': [ '4.0.0' ],
16 silly audit   'hermes-estree': [ '0.25.1' ],
16 silly audit   'hermes-parser': [ '0.25.1' ],
16 silly audit   ignore: [ '5.3.2' ],
16 silly audit   'import-fresh': [ '3.3.1' ],
16 silly audit   imurmurhash: [ '0.1.4' ],
16 silly audit   'is-extglob': [ '2.1.1' ],
16 silly audit   'is-glob': [ '4.0.3' ],
16 silly audit   isexe: [ '2.0.0' ],
16 silly audit   'js-tokens': [ '4.0.0' ],
16 silly audit   'js-yaml': [ '4.1.1' ],
16 silly audit   jsesc: [ '3.1.0' ],
16 silly audit   'json-buffer': [ '3.0.1' ],
16 silly audit   'json-schema-traverse': [ '0.4.1' ],
16 silly audit   'json-stable-stringify-without-jsonify': [ '1.0.1' ],
16 silly audit   json5: [ '2.2.3' ],
16 silly audit   keyv: [ '4.5.4' ],
16 silly audit   levn: [ '0.4.1' ],
16 silly audit   lightningcss: [ '1.30.2' ],
16 silly audit   'lightningcss-android-arm64': [ '1.30.2' ],
16 silly audit   'lightningcss-darwin-arm64': [ '1.30.2' ],
16 silly audit   'lightningcss-darwin-x64': [ '1.30.2' ],
16 silly audit   'lightningcss-freebsd-x64': [ '1.30.2' ],
16 silly audit   'lightningcss-linux-arm-gnueabihf': [ '1.30.2' ],
16 silly audit   'lightningcss-linux-arm64-gnu': [ '1.30.2' ],
16 silly audit   'lightningcss-linux-arm64-musl': [ '1.30.2' ],
16 silly audit   'lightningcss-linux-x64-gnu': [ '1.30.2' ],
16 silly audit   'lightningcss-linux-x64-musl': [ '1.30.2' ],
16 silly audit   'lightningcss-win32-arm64-msvc': [ '1.30.2' ],
16 silly audit   'lightningcss-win32-x64-msvc': [ '1.30.2' ],
16 silly audit   'locate-path': [ '6.0.0' ],
16 silly audit   'lodash.merge': [ '4.6.2' ],
16 silly audit   'lru-cache': [ '5.1.1' ],
16 silly audit   minimatch: [ '3.1.2' ],
16 silly audit   ms: [ '2.1.3' ],
16 silly audit   nanoid: [ '3.3.11' ],
16 silly audit   'natural-compare': [ '1.4.0' ],
16 silly audit   'node-releases': [ '2.0.27' ],
16 silly audit   optionator: [ '0.9.4' ],
16 silly audit   'p-limit': [ '3.1.0' ],
16 silly audit   'p-locate': [ '5.0.0' ],
16 silly audit   'parent-module': [ '1.0.1' ],
16 silly audit   'path-exists': [ '4.0.0' ],
16 silly audit   'path-key': [ '3.1.1' ],
16 silly audit   picocolors: [ '1.1.1' ],
16 silly audit   picomatch: [ '4.0.3' ],
16 silly audit   postcss: [ '8.5.6' ],
16 silly audit   'prelude-ls': [ '1.2.1' ],
16 silly audit   punycode: [ '2.3.1' ],
16 silly audit   react: [ '19.2.0' ],
16 silly audit   'react-dom': [ '19.2.0' ],
16 silly audit   'resolve-from': [ '4.0.0' ],
16 silly audit   rolldown: [ '1.0.0-beta.50' ],
16 silly audit   scheduler: [ '0.27.0' ],
16 silly audit   semver: [ '6.3.1' ],
16 silly audit   'shebang-command': [ '2.0.0' ],
16 silly audit   'shebang-regex': [ '3.0.0' ],
16 silly audit   'source-map-js': [ '1.2.1' ],
16 silly audit   'strip-json-comments': [ '3.1.1' ],
16 silly audit   'supports-color': [ '7.2.0' ],
16 silly audit   tinyglobby: [ '0.2.15' ],
16 silly audit   tslib: [ '2.8.1' ],
16 silly audit   'type-check': [ '0.4.0' ],
16 silly audit   'update-browserslist-db': [ '1.1.4' ],
16 silly audit   'uri-js': [ '4.4.1' ],
16 silly audit   'rolldown-vite': [ '7.2.5' ],
16 silly audit   which: [ '2.0.2' ],
16 silly audit   'word-wrap': [ '1.2.5' ],
16 silly audit   yallist: [ '3.1.1' ],
16 silly audit   'yocto-queue': [ '0.1.0' ],
16 silly audit   zod: [ '4.1.12' ],
16 silly audit   'zod-validation-error': [ '4.0.2' ]
16 silly audit }
17 verbose reify failed optional dependency C:\GitHub\TECHNOPULSE\vite-progect\node_modules\lightningcss-win32-arm64-msvc
18 silly reify mark deleted [
18 silly reify   'C:\\GitHub\\TECHNOPULSE\\vite-progect\\node_modules\\lightningcss-win32-arm64-msvc'
18 silly reify ]
19 verbose reify failed optional dependency C:\GitHub\TECHNOPULSE\vite-progect\node_modules\lightningcss-linux-x64-musl
20 silly reify mark deleted [
20 silly reify   'C:\\GitHub\\TECHNOPULSE\\vite-progect\\node_modules\\lightningcss-linux-x64-musl'
20 silly reify ]
21 verbose reify failed optional dependency C:\GitHub\TECHNOPULSE\vite-progect\node_modules\lightningcss-linux-x64-gnu
22 silly reify mark deleted [
22 silly reify   'C:\\GitHub\\TECHNOPULSE\\vite-progect\\node_modules\\lightningcss-linux-x64-gnu'
22 silly reify ]
23 verbose reify failed optional dependency C:\GitHub\TECHNOPULSE\vite-progect\node_modules\lightningcss-linux-arm64-musl
24 silly reify mark deleted [
24 silly reify   'C:\\GitHub\\TECHNOPULSE\\vite-progect\\node_modules\\lightningcss-linux-arm64-musl'
24 silly reify ]
25 verbose reify failed optional dependency C:\GitHub\TECHNOPULSE\vite-progect\node_modules\lightningcss-linux-arm64-gnu
26 silly reify mark deleted [
26 silly reify   'C:\\GitHub\\TECHNOPULSE\\vite-progect\\node_modules\\lightningcss-linux-arm64-gnu'
26 silly reify ]
27 verbose reify failed optional dependency C:\GitHub\TECHNOPULSE\vite-progect\node_modules\lightningcss-linux-arm-gnueabihf
28 silly reify mark deleted [
28 silly reify   'C:\\GitHub\\TECHNOPULSE\\vite-progect\\node_modules\\lightningcss-linux-arm-gnueabihf'
28 silly reify ]
29 verbose reify failed optional dependency C:\GitHub\TECHNOPULSE\vite-progect\node_modules\lightningcss-freebsd-x64
30 silly reify mark deleted [
30 silly reify   'C:\\GitHub\\TECHNOPULSE\\vite-progect\\node_modules\\lightningcss-freebsd-x64'
30 silly reify ]
31 verbose reify failed optional dependency C:\GitHub\TECHNOPULSE\vite-progect\node_modules\lightningcss-darwin-x64
32 silly reify mark deleted [
32 silly reify   'C:\\GitHub\\TECHNOPULSE\\vite-progect\\node_modules\\lightningcss-darwin-x64'
32 silly reify ]
33 verbose reify failed optional dependency C:\GitHub\TECHNOPULSE\vite-progect\node_modules\lightningcss-darwin-arm64
34 silly reify mark deleted [
34 silly reify   'C:\\GitHub\\TECHNOPULSE\\vite-progect\\node_modules\\lightningcss-darwin-arm64'
34 silly reify ]
35 verbose reify failed optional dependency C:\GitHub\TECHNOPULSE\vite-progect\node_modules\lightningcss-android-arm64
36 silly reify mark deleted [
36 silly reify   'C:\\GitHub\\TECHNOPULSE\\vite-progect\\node_modules\\lightningcss-android-arm64'
36 silly reify ]
37 verbose reify failed optional dependency C:\GitHub\TECHNOPULSE\vite-progect\node_modules\fsevents
38 silly reify mark deleted [ 'C:\\GitHub\\TECHNOPULSE\\vite-progect\\node_modules\\fsevents' ]
39 verbose reify failed optional dependency C:\GitHub\TECHNOPULSE\vite-progect\node_modules\@swc\core-win32-ia32-msvc
40 silly reify mark deleted [
40 silly reify   'C:\\GitHub\\TECHNOPULSE\\vite-progect\\node_modules\\@swc\\core-win32-ia32-msvc'
40 silly reify ]
41 verbose reify failed optional dependency C:\GitHub\TECHNOPULSE\vite-progect\node_modules\@swc\core-win32-arm64-msvc
42 silly reify mark deleted [
42 silly reify   'C:\\GitHub\\TECHNOPULSE\\vite-progect\\node_modules\\@swc\\core-win32-arm64-msvc'
42 silly reify ]
43 verbose reify failed optional dependency C:\GitHub\TECHNOPULSE\vite-progect\node_modules\@swc\core-linux-x64-musl
44 silly reify mark deleted [
44 silly reify   'C:\\GitHub\\TECHNOPULSE\\vite-progect\\node_modules\\@swc\\core-linux-x64-musl'
44 silly reify ]
45 verbose reify failed optional dependency C:\GitHub\TECHNOPULSE\vite-progect\node_modules\@swc\core-linux-x64-gnu
46 silly reify mark deleted [
46 silly reify   'C:\\GitHub\\TECHNOPULSE\\vite-progect\\node_modules\\@swc\\core-linux-x64-gnu'
46 silly reify ]
47 verbose reify failed optional dependency C:\GitHub\TECHNOPULSE\vite-progect\node_modules\@swc\core-linux-arm64-musl
48 silly reify mark deleted [
48 silly reify   'C:\\GitHub\\TECHNOPULSE\\vite-progect\\node_modules\\@swc\\core-linux-arm64-musl'
48 silly reify ]
49 verbose reify failed optional dependency C:\GitHub\TECHNOPULSE\vite-progect\node_modules\@swc\core-linux-arm64-gnu
50 silly reify mark deleted [
50 silly reify   'C:\\GitHub\\TECHNOPULSE\\vite-progect\\node_modules\\@swc\\core-linux-arm64-gnu'
50 silly reify ]
51 verbose reify failed optional dependency C:\GitHub\TECHNOPULSE\vite-progect\node_modules\@swc\core-linux-arm-gnueabihf
52 silly reify mark deleted [
52 silly reify   'C:\\GitHub\\TECHNOPULSE\\vite-progect\\node_modules\\@swc\\core-linux-arm-gnueabihf'
52 silly reify ]
53 verbose reify failed optional dependency C:\GitHub\TECHNOPULSE\vite-progect\node_modules\@swc\core-darwin-x64
54 silly reify mark deleted [
54 silly reify   'C:\\GitHub\\TECHNOPULSE\\vite-progect\\node_modules\\@swc\\core-darwin-x64'
54 silly reify ]
55 verbose reify failed optional dependency C:\GitHub\TECHNOPULSE\vite-progect\node_modules\@swc\core-darwin-arm64
56 silly reify mark deleted [
56 silly reify   'C:\\GitHub\\TECHNOPULSE\\vite-progect\\node_modules\\@swc\\core-darwin-arm64'
56 silly reify ]
57 verbose reify failed optional dependency C:\GitHub\TECHNOPULSE\vite-progect\node_modules\@rolldown\binding-win32-ia32-msvc
58 silly reify mark deleted [
58 silly reify   'C:\\GitHub\\TECHNOPULSE\\vite-progect\\node_modules\\@rolldown\\binding-win32-ia32-msvc'
58 silly reify ]
59 verbose reify failed optional dependency C:\GitHub\TECHNOPULSE\vite-progect\node_modules\@rolldown\binding-win32-arm64-msvc
60 silly reify mark deleted [
60 silly reify   'C:\\GitHub\\TECHNOPULSE\\vite-progect\\node_modules\\@rolldown\\binding-win32-arm64-msvc'
60 silly reify ]
61 verbose reify failed optional dependency C:\GitHub\TECHNOPULSE\vite-progect\node_modules\@rolldown\binding-wasm32-wasi
62 silly reify mark deleted [
62 silly reify   'C:\\GitHub\\TECHNOPULSE\\vite-progect\\node_modules\\@rolldown\\binding-wasm32-wasi'
62 silly reify ]
63 verbose reify failed optional dependency C:\GitHub\TECHNOPULSE\vite-progect\node_modules\@napi-rs\wasm-runtime
64 silly reify mark deleted [
64 silly reify   'C:\\GitHub\\TECHNOPULSE\\vite-progect\\node_modules\\@napi-rs\\wasm-runtime'
64 silly reify ]
65 verbose reify failed optional dependency C:\GitHub\TECHNOPULSE\vite-progect\node_modules\@emnapi\core
66 silly reify mark deleted [
66 silly reify   'C:\\GitHub\\TECHNOPULSE\\vite-progect\\node_modules\\@emnapi\\core'
66 silly reify ]
67 verbose reify failed optional dependency C:\GitHub\TECHNOPULSE\vite-progect\node_modules\@emnapi\runtime
68 silly reify mark deleted [
68 silly reify   'C:\\GitHub\\TECHNOPULSE\\vite-progect\\node_modules\\@emnapi\\runtime'
68 silly reify ]
69 verbose reify failed optional dependency C:\GitHub\TECHNOPULSE\vite-progect\node_modules\@tybys\wasm-util
70 silly reify mark deleted [
70 silly reify   'C:\\GitHub\\TECHNOPULSE\\vite-progect\\node_modules\\@tybys\\wasm-util'
70 silly reify ]
71 verbose reify failed optional dependency C:\GitHub\TECHNOPULSE\vite-progect\node_modules\@emnapi\wasi-threads
72 silly reify mark deleted [
72 silly reify   'C:\\GitHub\\TECHNOPULSE\\vite-progect\\node_modules\\@emnapi\\wasi-threads'
72 silly reify ]
73 verbose reify failed optional dependency C:\GitHub\TECHNOPULSE\vite-progect\node_modules\tslib
74 silly reify mark deleted [ 'C:\\GitHub\\TECHNOPULSE\\vite-progect\\node_modules\\tslib' ]
75 verbose reify failed optional dependency C:\GitHub\TECHNOPULSE\vite-progect\node_modules\@rolldown\binding-openharmony-arm64
76 silly reify mark deleted [
76 silly reify   'C:\\GitHub\\TECHNOPULSE\\vite-progect\\node_modules\\@rolldown\\binding-openharmony-arm64'
76 silly reify ]
77 verbose reify failed optional dependency C:\GitHub\TECHNOPULSE\vite-progect\node_modules\@rolldown\binding-linux-x64-musl
78 silly reify mark deleted [
78 silly reify   'C:\\GitHub\\TECHNOPULSE\\vite-progect\\node_modules\\@rolldown\\binding-linux-x64-musl'
78 silly reify ]
79 verbose reify failed optional dependency C:\GitHub\TECHNOPULSE\vite-progect\node_modules\@rolldown\binding-linux-x64-gnu
80 silly reify mark deleted [
80 silly reify   'C:\\GitHub\\TECHNOPULSE\\vite-progect\\node_modules\\@rolldown\\binding-linux-x64-gnu'
80 silly reify ]
81 verbose reify failed optional dependency C:\GitHub\TECHNOPULSE\vite-progect\node_modules\@rolldown\binding-linux-arm64-musl
82 silly reify mark deleted [
82 silly reify   'C:\\GitHub\\TECHNOPULSE\\vite-progect\\node_modules\\@rolldown\\binding-linux-arm64-musl'
82 silly reify ]
83 verbose reify failed optional dependency C:\GitHub\TECHNOPULSE\vite-progect\node_modules\@rolldown\binding-linux-arm64-gnu
84 silly reify mark deleted [
84 silly reify   'C:\\GitHub\\TECHNOPULSE\\vite-progect\\node_modules\\@rolldown\\binding-linux-arm64-gnu'
84 silly reify ]
85 verbose reify failed optional dependency C:\GitHub\TECHNOPULSE\vite-progect\node_modules\@rolldown\binding-linux-arm-gnueabihf
86 silly reify mark deleted [
86 silly reify   'C:\\GitHub\\TECHNOPULSE\\vite-progect\\node_modules\\@rolldown\\binding-linux-arm-gnueabihf'
86 silly reify ]
87 verbose reify failed optional dependency C:\GitHub\TECHNOPULSE\vite-progect\node_modules\@rolldown\binding-freebsd-x64
88 silly reify mark deleted [
88 silly reify   'C:\\GitHub\\TECHNOPULSE\\vite-progect\\node_modules\\@rolldown\\binding-freebsd-x64'
88 silly reify ]
89 verbose reify failed optional dependency C:\GitHub\TECHNOPULSE\vite-progect\node_modules\@rolldown\binding-darwin-x64
90 silly reify mark deleted [
90 silly reify   'C:\\GitHub\\TECHNOPULSE\\vite-progect\\node_modules\\@rolldown\\binding-darwin-x64'
90 silly reify ]
91 verbose reify failed optional dependency C:\GitHub\TECHNOPULSE\vite-progect\node_modules\@rolldown\binding-darwin-arm64
92 silly reify mark deleted [
92 silly reify   'C:\\GitHub\\TECHNOPULSE\\vite-progect\\node_modules\\@rolldown\\binding-darwin-arm64'
92 silly reify ]
93 verbose reify failed optional dependency C:\GitHub\TECHNOPULSE\vite-progect\node_modules\@rolldown\binding-android-arm64
94 silly reify mark deleted [
94 silly reify   'C:\\GitHub\\TECHNOPULSE\\vite-progect\\node_modules\\@rolldown\\binding-android-arm64'
94 silly reify ]
95 http fetch POST 200 https://registry.npmjs.org/-/npm/v1/security/advisories/bulk 414ms
96 silly audit report {}
97 silly ADD
98 silly ADD
99 silly ADD
100 silly ADD
101 silly ADD
102 silly ADD
103 silly ADD
104 silly ADD
105 silly ADD
106 silly ADD
107 silly ADD
108 silly ADD
109 silly ADD
110 silly ADD
111 silly ADD
112 silly ADD
113 silly ADD
114 silly ADD
115 silly ADD
116 silly ADD
117 silly ADD
118 silly ADD
119 silly ADD
120 silly ADD
121 silly ADD
122 silly ADD
123 silly ADD
124 silly ADD
125 silly ADD
126 silly ADD
127 silly ADD
128 silly ADD
129 silly ADD
130 silly ADD
131 silly ADD
132 silly ADD
133 silly ADD
134 silly ADD
135 silly ADD
136 verbose cwd C:\GitHub\TECHNOPULSE\vite-progect
137 verbose os Windows_NT 10.0.22631
138 verbose node v24.11.1
139 verbose npm  v10.8.2
140 verbose exit 0
141 info ok
