0 verbose cli C:\Program Files\nodejs\node.exe C:\Users\Asus\AppData\Roaming\npm\node_modules\npm\bin\npm-cli.js
1 info using npm@10.8.2
2 info using node@v24.11.1
3 silly config load:file:C:\Users\Asus\AppData\Roaming\npm\node_modules\npm\npmrc
4 silly config load:file:C:\GitHub\TECHNOPULSE\.npmrc
5 silly config load:file:C:\Users\Asus\.npmrc
6 silly config load:file:C:\Users\Asus\AppData\Roaming\npm\etc\npmrc
7 verbose title npm run dev
8 verbose argv "run" "dev"
9 verbose logfile logs-max:10 dir:C:\GitHub\TECHNOPULSE\UsersAsusnpm-cache\_logs\2025-11-25T11_58_24_256Z-
10 verbose logfile C:\GitHub\TECHNOPULSE\UsersAsusnpm-cache\_logs\2025-11-25T11_58_24_256Z-debug-0.log
11 silly logfile start cleaning logs, removing 1 files
12 silly logfile done cleaning log files
13 verbose stack Error: Missing script: "dev"
13 verbose stack
13 verbose stack To see a list of scripts, run:
13 verbose stack   npm run
13 verbose stack     at #run (C:\Users\Asus\AppData\Roaming\npm\node_modules\npm\lib\commands\run-script.js:110:13)
13 verbose stack     at async RunScript.exec (C:\Users\Asus\AppData\Roaming\npm\node_modules\npm\lib\commands\run-script.js:39:7)
13 verbose stack     at async Npm.exec (C:\Users\Asus\AppData\Roaming\npm\node_modules\npm\lib\npm.js:207:9)
13 verbose stack     at async module.exports (C:\Users\Asus\AppData\Roaming\npm\node_modules\npm\lib\cli\entry.js:74:5)
14 error Missing script: "dev"
14 error
14 error To see a list of scripts, run:
14 error   npm run
15 verbose cwd C:\GitHub\TECHNOPULSE
16 verbose os Windows_NT 10.0.22631
17 verbose node v24.11.1
18 verbose npm  v10.8.2
19 verbose exit 1
20 verbose code 1
21 error A complete log of this run can be found in: C:\GitHub\TECHNOPULSE\UsersAsusnpm-cache\_logs\2025-11-25T11_58_24_256Z-debug-0.log
