0 verbose cli C:\Program Files\nodejs\node.exe C:\Users\Asus\AppData\Roaming\npm\node_modules\npm\bin\npm-cli.js
1 info using npm@10.8.2
2 info using node@v24.11.1
3 silly config load:file:C:\Users\Asus\AppData\Roaming\npm\node_modules\npm\npmrc
4 silly config load:file:C:\GitHub\TECHNOPULSE\.npmrc
5 silly config load:file:C:\Users\Asus\.npmrc
6 silly config load:file:C:\Users\Asus\AppData\Roaming\npm\etc\npmrc
7 verbose title npm i
8 verbose argv "i"
9 verbose logfile logs-max:10 dir:C:\GitHub\TECHNOPULSE\UsersAsusnpm-cache\_logs\2025-11-25T11_56_44_366Z-
10 verbose logfile C:\GitHub\TECHNOPULSE\UsersAsusnpm-cache\_logs\2025-11-25T11_56_44_366Z-debug-0.log
11 silly packumentCache heap:2348810240 maxSize:587202560 maxEntrySize:293601280
12 silly logfile done cleaning log files
13 silly idealTree buildDeps
14 silly reify moves {}
15 silly audit bulk request { react: [ '19.2.0' ], 'react-icons': [ '5.5.0' ] }
16 http fetch POST 200 https://registry.npmjs.org/-/npm/v1/security/advisories/bulk 421ms
17 silly audit report {}
18 verbose cwd C:\GitHub\TECHNOPULSE
19 verbose os Windows_NT 10.0.22631
20 verbose node v24.11.1
21 verbose npm  v10.8.2
22 verbose exit 0
23 info ok
