0 verbose cli C:\Program Files\nodejs\node.exe C:\Users\Asus\AppData\Roaming\npm\node_modules\npm\bin\npm-cli.js
1 info using npm@10.8.2
2 info using node@v24.11.1
3 silly config load:file:C:\Users\Asus\AppData\Roaming\npm\node_modules\npm\npmrc
4 silly config load:file:C:\GitHub\TECHNOPULSE\.npmrc
5 silly config load:file:C:\Users\Asus\.npmrc
6 silly config load:file:C:\Users\Asus\AppData\Roaming\npm\etc\npmrc
7 verbose title npm install react-icons
8 verbose argv "install" "react-icons"
9 verbose logfile logs-max:10 dir:C:\GitHub\TECHNOPULSE\UsersAsusnpm-cache\_logs\2025-11-24T13_27_21_265Z-
10 verbose logfile C:\GitHub\TECHNOPULSE\UsersAsusnpm-cache\_logs\2025-11-24T13_27_21_265Z-debug-0.log
11 silly packumentCache heap:2348810240 maxSize:587202560 maxEntrySize:293601280
12 silly logfile done cleaning log files
13 silly idealTree buildDeps
14 silly fetch manifest react-icons@*
15 silly packumentCache full:https://registry.npmjs.org/react-icons cache-miss
16 http fetch GET 200 https://registry.npmjs.org/react-icons 240ms (cache miss)
17 silly packumentCache full:https://registry.npmjs.org/react-icons set size:undefined disposed:false
18 silly fetch manifest react@*
19 silly packumentCache full:https://registry.npmjs.org/react cache-miss
20 http fetch GET 200 https://registry.npmjs.org/react 99ms (cache revalidated)
21 silly packumentCache full:https://registry.npmjs.org/react set size:6283882 disposed:false
22 silly placeDep ROOT react-icons@5.5.0 OK for:  want: *
23 silly placeDep ROOT react@19.2.0 OK for: react-icons@5.5.0 want: *
24 silly reify moves {}
25 silly tarball no local data for react-icons@https://registry.npmjs.org/react-icons/-/react-icons-5.5.0.tgz. Extracting by manifest.
26 http fetch GET 200 https://registry.npmjs.org/react-icons/-/react-icons-5.5.0.tgz 2617ms (cache miss)
27 silly ADD node_modules/react
28 silly ADD node_modules/react-icons
29 verbose cwd C:\GitHub\TECHNOPULSE
30 verbose os Windows_NT 10.0.22631
31 verbose node v24.11.1
32 verbose npm  v10.8.2
33 verbose exit 0
34 info ok
