0 verbose cli C:\Program Files\nodejs\node.exe C:\Users\Asus\AppData\Roaming\npm\node_modules\npm\bin\npm-cli.js
1 info using npm@10.8.2
2 info using node@v24.11.1
3 silly config load:file:C:\Users\Asus\AppData\Roaming\npm\node_modules\npm\npmrc
4 silly config load:file:C:\GitHub\TECHNOPULSE\.npmrc
5 silly config load:file:C:\Users\Asus\.npmrc
6 silly config load:file:C:\Users\Asus\AppData\Roaming\npm\etc\npmrc
7 verbose title npm i vite@latest
8 verbose argv "i" "vite@latest"
9 verbose logfile logs-max:10 dir:C:\GitHub\TECHNOPULSE\UsersAsusnpm-cache\_logs\2025-11-25T11_58_14_213Z-
10 verbose logfile C:\GitHub\TECHNOPULSE\UsersAsusnpm-cache\_logs\2025-11-25T11_58_14_213Z-debug-0.log
11 silly packumentCache heap:2348810240 maxSize:587202560 maxEntrySize:293601280
12 silly logfile start cleaning logs, removing 1 files
13 silly logfile done cleaning log files
14 silly packumentCache corgi:https://registry.npmjs.org/vite cache-miss
15 http fetch GET 200 https://registry.npmjs.org/vite 229ms (cache miss)
16 silly packumentCache corgi:https://registry.npmjs.org/vite set size:undefined disposed:false
17 silly idealTree buildDeps
18 silly fetch manifest vite@7.2.4
19 silly packumentCache full:https://registry.npmjs.org/vite cache-miss
20 http fetch GET 200 https://registry.npmjs.org/vite 851ms (cache miss)
21 silly packumentCache full:https://registry.npmjs.org/vite set size:undefined disposed:false
22 silly fetch manifest @types/node@^20.19.0 || >=22.12.0
23 silly packumentCache full:https://registry.npmjs.org/@types%2fnode cache-miss
24 http fetch GET 200 https://registry.npmjs.org/@types%2fnode 96ms (cache revalidated)
25 silly packumentCache full:https://registry.npmjs.org/@types%2fnode set size:10693501 disposed:false
26 silly fetch manifest jiti@>=1.21.0
27 silly packumentCache full:https://registry.npmjs.org/jiti cache-miss
28 http fetch GET 200 https://registry.npmjs.org/jiti 57ms (cache revalidated)
29 silly packumentCache full:https://registry.npmjs.org/jiti set size:382310 disposed:false
30 silly fetch manifest less@^4.0.0
31 silly packumentCache full:https://registry.npmjs.org/less cache-miss
32 http fetch GET 200 https://registry.npmjs.org/less 54ms (cache revalidated)
33 silly packumentCache full:https://registry.npmjs.org/less set size:425893 disposed:false
34 silly fetch manifest lightningcss@^1.21.0
35 silly packumentCache full:https://registry.npmjs.org/lightningcss cache-miss
36 http fetch GET 200 https://registry.npmjs.org/lightningcss 50ms (cache revalidated)
37 silly packumentCache full:https://registry.npmjs.org/lightningcss set size:173815 disposed:false
38 silly fetch manifest sass@^1.70.0
39 silly packumentCache full:https://registry.npmjs.org/sass cache-miss
40 http fetch GET 200 https://registry.npmjs.org/sass 49ms (cache revalidated)
41 silly packumentCache full:https://registry.npmjs.org/sass set size:705319 disposed:false
42 silly fetch manifest sass-embedded@^1.70.0
43 silly packumentCache full:https://registry.npmjs.org/sass-embedded cache-miss
44 http fetch GET 200 https://registry.npmjs.org/sass-embedded 51ms (cache revalidated)
45 silly packumentCache full:https://registry.npmjs.org/sass-embedded set size:382956 disposed:false
46 silly fetch manifest stylus@>=0.54.8
47 silly packumentCache full:https://registry.npmjs.org/stylus cache-miss
48 http fetch GET 200 https://registry.npmjs.org/stylus 52ms (cache revalidated)
49 silly packumentCache full:https://registry.npmjs.org/stylus set size:286766 disposed:false
50 silly fetch manifest sugarss@^5.0.0
51 silly packumentCache full:https://registry.npmjs.org/sugarss cache-miss
52 http fetch GET 200 https://registry.npmjs.org/sugarss 50ms (cache revalidated)
53 silly packumentCache full:https://registry.npmjs.org/sugarss set size:44975 disposed:false
54 silly fetch manifest postcss@^8.3.3
55 silly packumentCache full:https://registry.npmjs.org/postcss cache-miss
56 http fetch GET 200 https://registry.npmjs.org/postcss 49ms (cache revalidated)
57 silly packumentCache full:https://registry.npmjs.org/postcss set size:696248 disposed:false
58 silly fetch manifest terser@^5.16.0
59 silly packumentCache full:https://registry.npmjs.org/terser cache-miss
60 http fetch GET 200 https://registry.npmjs.org/terser 48ms (cache revalidated)
61 silly packumentCache full:https://registry.npmjs.org/terser set size:780033 disposed:false
62 silly fetch manifest tsx@^4.8.1
63 silly packumentCache full:https://registry.npmjs.org/tsx cache-miss
64 http fetch GET 200 https://registry.npmjs.org/tsx 53ms (cache revalidated)
65 silly packumentCache full:https://registry.npmjs.org/tsx set size:287318 disposed:false
66 silly fetch manifest yaml@^2.4.2
67 silly packumentCache full:https://registry.npmjs.org/yaml cache-miss
68 http fetch GET 200 https://registry.npmjs.org/yaml 53ms (cache revalidated)
69 silly packumentCache full:https://registry.npmjs.org/yaml set size:361238 disposed:false
70 silly placeDep ROOT vite@7.2.4 OK for:  want: 7.2.4
71 silly fetch manifest esbuild@^0.25.0
72 silly packumentCache full:https://registry.npmjs.org/esbuild cache-miss
73 silly fetch manifest fdir@^6.5.0
74 silly packumentCache full:https://registry.npmjs.org/fdir cache-miss
75 silly fetch manifest picomatch@^4.0.3
76 silly packumentCache full:https://registry.npmjs.org/picomatch cache-miss
77 silly fetch manifest postcss@^8.5.6
78 silly packumentCache full:https://registry.npmjs.org/postcss cache-hit
79 silly fetch manifest rollup@^4.43.0
80 silly packumentCache full:https://registry.npmjs.org/rollup cache-miss
81 silly fetch manifest tinyglobby@^0.2.15
82 silly packumentCache full:https://registry.npmjs.org/tinyglobby cache-miss
83 silly fetch manifest fsevents@~2.3.3
84 silly packumentCache full:https://registry.npmjs.org/fsevents cache-miss
85 http fetch GET 200 https://registry.npmjs.org/rollup 97ms (cache miss)
86 silly packumentCache full:https://registry.npmjs.org/rollup set size:undefined disposed:false
87 http fetch GET 200 https://registry.npmjs.org/fsevents 142ms (cache revalidated)
88 silly packumentCache full:https://registry.npmjs.org/fsevents set size:182472 disposed:false
89 http fetch GET 200 https://registry.npmjs.org/tinyglobby 147ms (cache revalidated)
90 silly packumentCache full:https://registry.npmjs.org/tinyglobby set size:49812 disposed:false
91 http fetch GET 200 https://registry.npmjs.org/picomatch 150ms (cache revalidated)
92 silly packumentCache full:https://registry.npmjs.org/picomatch set size:118818 disposed:false
93 http fetch GET 200 https://registry.npmjs.org/esbuild 153ms (cache revalidated)
94 silly packumentCache full:https://registry.npmjs.org/esbuild set size:1234639 disposed:false
95 http fetch GET 200 https://registry.npmjs.org/fdir 180ms (cache revalidated)
96 silly packumentCache full:https://registry.npmjs.org/fdir set size:136182 disposed:false
97 silly placeDep ROOT esbuild@0.25.12 OK for: vite@7.2.4 want: ^0.25.0
98 silly placeDep ROOT fdir@6.5.0 OK for: vite@7.2.4 want: ^6.5.0
99 silly placeDep ROOT fsevents@2.3.3 OK for: vite@7.2.4 want: ~2.3.3
100 silly placeDep ROOT picomatch@4.0.3 OK for: vite@7.2.4 want: ^4.0.3
101 silly placeDep ROOT postcss@8.5.6 OK for: vite@7.2.4 want: ^8.5.6
102 silly placeDep ROOT rollup@4.53.3 OK for: vite@7.2.4 want: ^4.43.0
103 silly placeDep ROOT tinyglobby@0.2.15 OK for: vite@7.2.4 want: ^0.2.15
104 silly fetch manifest @esbuild/aix-ppc64@0.25.12
105 silly packumentCache full:https://registry.npmjs.org/@esbuild%2faix-ppc64 cache-miss
106 silly fetch manifest @esbuild/linux-arm@0.25.12
107 silly packumentCache full:https://registry.npmjs.org/@esbuild%2flinux-arm cache-miss
108 silly fetch manifest @esbuild/linux-x64@0.25.12
109 silly packumentCache full:https://registry.npmjs.org/@esbuild%2flinux-x64 cache-miss
110 silly fetch manifest @esbuild/sunos-x64@0.25.12
111 silly packumentCache full:https://registry.npmjs.org/@esbuild%2fsunos-x64 cache-miss
112 silly fetch manifest @esbuild/win32-x64@0.25.12
113 silly packumentCache full:https://registry.npmjs.org/@esbuild%2fwin32-x64 cache-miss
114 silly fetch manifest @esbuild/darwin-x64@0.25.12
115 silly packumentCache full:https://registry.npmjs.org/@esbuild%2fdarwin-x64 cache-miss
116 silly fetch manifest @esbuild/linux-ia32@0.25.12
117 silly packumentCache full:https://registry.npmjs.org/@esbuild%2flinux-ia32 cache-miss
118 silly fetch manifest @esbuild/netbsd-x64@0.25.12
119 silly packumentCache full:https://registry.npmjs.org/@esbuild%2fnetbsd-x64 cache-miss
120 silly fetch manifest @esbuild/win32-ia32@0.25.12
121 silly packumentCache full:https://registry.npmjs.org/@esbuild%2fwin32-ia32 cache-miss
122 silly fetch manifest @esbuild/android-arm@0.25.12
123 silly packumentCache full:https://registry.npmjs.org/@esbuild%2fandroid-arm cache-miss
124 silly fetch manifest @esbuild/android-x64@0.25.12
125 silly packumentCache full:https://registry.npmjs.org/@esbuild%2fandroid-x64 cache-miss
126 http fetch GET 200 https://registry.npmjs.org/@esbuild%2faix-ppc64 70ms (cache miss)
127 silly packumentCache full:https://registry.npmjs.org/@esbuild%2faix-ppc64 set size:undefined disposed:false
128 silly fetch manifest @esbuild/freebsd-x64@0.25.12
129 silly packumentCache full:https://registry.npmjs.org/@esbuild%2ffreebsd-x64 cache-miss
130 http fetch GET 200 https://registry.npmjs.org/@esbuild%2fsunos-x64 79ms (cache miss)
131 silly packumentCache full:https://registry.npmjs.org/@esbuild%2fsunos-x64 set size:undefined disposed:false
132 silly fetch manifest @esbuild/linux-arm64@0.25.12
133 silly packumentCache full:https://registry.npmjs.org/@esbuild%2flinux-arm64 cache-miss
134 http fetch GET 200 https://registry.npmjs.org/@esbuild%2fdarwin-x64 83ms (cache miss)
135 silly packumentCache full:https://registry.npmjs.org/@esbuild%2fdarwin-x64 set size:undefined disposed:false
136 silly fetch manifest @esbuild/linux-ppc64@0.25.12
137 silly packumentCache full:https://registry.npmjs.org/@esbuild%2flinux-ppc64 cache-miss
138 http fetch GET 200 https://registry.npmjs.org/@esbuild%2fwin32-x64 93ms (cache miss)
139 silly packumentCache full:https://registry.npmjs.org/@esbuild%2fwin32-x64 set size:undefined disposed:false
140 silly fetch manifest @esbuild/linux-s390x@0.25.12
141 silly packumentCache full:https://registry.npmjs.org/@esbuild%2flinux-s390x cache-miss
142 http fetch GET 200 https://registry.npmjs.org/@esbuild%2flinux-x64 98ms (cache miss)
143 silly packumentCache full:https://registry.npmjs.org/@esbuild%2flinux-x64 set size:undefined disposed:false
144 silly fetch manifest @esbuild/openbsd-x64@0.25.12
145 silly packumentCache full:https://registry.npmjs.org/@esbuild%2fopenbsd-x64 cache-miss
146 http fetch GET 200 https://registry.npmjs.org/@esbuild%2flinux-arm 102ms (cache miss)
147 silly packumentCache full:https://registry.npmjs.org/@esbuild%2flinux-arm set size:undefined disposed:false
148 silly fetch manifest @esbuild/win32-arm64@0.25.12
149 silly packumentCache full:https://registry.npmjs.org/@esbuild%2fwin32-arm64 cache-miss
150 http fetch GET 200 https://registry.npmjs.org/@esbuild%2ffreebsd-x64 67ms (cache miss)
151 silly packumentCache full:https://registry.npmjs.org/@esbuild%2ffreebsd-x64 set size:undefined disposed:false
152 silly fetch manifest @esbuild/darwin-arm64@0.25.12
153 silly packumentCache full:https://registry.npmjs.org/@esbuild%2fdarwin-arm64 cache-miss
154 http fetch GET 200 https://registry.npmjs.org/@esbuild%2flinux-ppc64 67ms (cache miss)
155 silly packumentCache full:https://registry.npmjs.org/@esbuild%2flinux-ppc64 set size:undefined disposed:false
156 silly fetch manifest @esbuild/netbsd-arm64@0.25.12
157 silly packumentCache full:https://registry.npmjs.org/@esbuild%2fnetbsd-arm64 cache-miss
158 http fetch GET 200 https://registry.npmjs.org/@esbuild%2fandroid-x64 162ms (cache miss)
159 silly packumentCache full:https://registry.npmjs.org/@esbuild%2fandroid-x64 set size:undefined disposed:false
160 silly fetch manifest @esbuild/android-arm64@0.25.12
161 silly packumentCache full:https://registry.npmjs.org/@esbuild%2fandroid-arm64 cache-miss
162 http fetch GET 200 https://registry.npmjs.org/@esbuild%2flinux-ia32 172ms (cache miss)
163 silly packumentCache full:https://registry.npmjs.org/@esbuild%2flinux-ia32 set size:undefined disposed:false
164 silly fetch manifest @esbuild/freebsd-arm64@0.25.12
165 silly packumentCache full:https://registry.npmjs.org/@esbuild%2ffreebsd-arm64 cache-miss
166 http fetch GET 200 https://registry.npmjs.org/@esbuild%2fwin32-ia32 172ms (cache miss)
167 silly packumentCache full:https://registry.npmjs.org/@esbuild%2fwin32-ia32 set size:undefined disposed:false
168 silly fetch manifest @esbuild/linux-loong64@0.25.12
169 silly packumentCache full:https://registry.npmjs.org/@esbuild%2flinux-loong64 cache-miss
170 http fetch GET 200 https://registry.npmjs.org/@esbuild%2fopenbsd-x64 79ms (cache miss)
171 silly packumentCache full:https://registry.npmjs.org/@esbuild%2fopenbsd-x64 set size:undefined disposed:false
172 silly fetch manifest @esbuild/linux-riscv64@0.25.12
173 silly packumentCache full:https://registry.npmjs.org/@esbuild%2flinux-riscv64 cache-miss
174 http fetch GET 200 https://registry.npmjs.org/@esbuild%2flinux-s390x 87ms (cache miss)
175 silly packumentCache full:https://registry.npmjs.org/@esbuild%2flinux-s390x set size:undefined disposed:false
176 silly fetch manifest @esbuild/openbsd-arm64@0.25.12
177 silly packumentCache full:https://registry.npmjs.org/@esbuild%2fopenbsd-arm64 cache-miss
178 http fetch GET 200 https://registry.npmjs.org/@esbuild%2fandroid-arm 186ms (cache miss)
179 silly packumentCache full:https://registry.npmjs.org/@esbuild%2fandroid-arm set size:undefined disposed:false
180 silly fetch manifest @esbuild/linux-mips64el@0.25.12
181 silly packumentCache full:https://registry.npmjs.org/@esbuild%2flinux-mips64el cache-miss
182 http fetch GET 200 https://registry.npmjs.org/@esbuild%2fnetbsd-x64 191ms (cache miss)
183 silly packumentCache full:https://registry.npmjs.org/@esbuild%2fnetbsd-x64 set size:undefined disposed:false
184 silly fetch manifest @esbuild/openharmony-arm64@0.25.12
185 silly packumentCache full:https://registry.npmjs.org/@esbuild%2fopenharmony-arm64 cache-miss
186 http fetch GET 200 https://registry.npmjs.org/@esbuild%2fwin32-arm64 93ms (cache miss)
187 silly packumentCache full:https://registry.npmjs.org/@esbuild%2fwin32-arm64 set size:undefined disposed:false
188 silly fetch manifest nanoid@^3.3.11
189 silly packumentCache full:https://registry.npmjs.org/nanoid cache-miss
190 http fetch GET 200 https://registry.npmjs.org/@esbuild%2flinux-arm64 121ms (cache miss)
191 silly packumentCache full:https://registry.npmjs.org/@esbuild%2flinux-arm64 set size:undefined disposed:false
192 silly fetch manifest picocolors@^1.1.1
193 silly packumentCache full:https://registry.npmjs.org/picocolors cache-miss
194 http fetch GET 200 https://registry.npmjs.org/@esbuild%2fdarwin-arm64 73ms (cache miss)
195 silly packumentCache full:https://registry.npmjs.org/@esbuild%2fdarwin-arm64 set size:undefined disposed:false
196 silly fetch manifest source-map-js@^1.2.1
197 silly packumentCache full:https://registry.npmjs.org/source-map-js cache-miss
198 http fetch GET 200 https://registry.npmjs.org/@esbuild%2fnetbsd-arm64 66ms (cache miss)
199 silly packumentCache full:https://registry.npmjs.org/@esbuild%2fnetbsd-arm64 set size:undefined disposed:false
200 silly fetch manifest @types/estree@1.0.8
201 silly packumentCache full:https://registry.npmjs.org/@types%2festree cache-miss
202 http fetch GET 200 https://registry.npmjs.org/@esbuild%2fandroid-arm64 65ms (cache miss)
203 silly packumentCache full:https://registry.npmjs.org/@esbuild%2fandroid-arm64 set size:undefined disposed:false
204 silly fetch manifest @rollup/rollup-darwin-arm64@4.53.3
205 silly packumentCache full:https://registry.npmjs.org/@rollup%2frollup-darwin-arm64 cache-miss
206 http fetch GET 200 https://registry.npmjs.org/@esbuild%2flinux-riscv64 62ms (cache miss)
207 silly packumentCache full:https://registry.npmjs.org/@esbuild%2flinux-riscv64 set size:undefined disposed:false
208 silly fetch manifest @rollup/rollup-android-arm64@4.53.3
209 silly packumentCache full:https://registry.npmjs.org/@rollup%2frollup-android-arm64 cache-miss
210 http fetch GET 200 https://registry.npmjs.org/picocolors 45ms (cache revalidated)
211 silly packumentCache full:https://registry.npmjs.org/picocolors set size:16648 disposed:false
212 silly fetch manifest @rollup/rollup-win32-arm64-msvc@4.53.3
213 silly packumentCache full:https://registry.npmjs.org/@rollup%2frollup-win32-arm64-msvc cache-miss
214 http fetch GET 200 https://registry.npmjs.org/nanoid 54ms (cache revalidated)
215 silly packumentCache full:https://registry.npmjs.org/nanoid set size:298419 disposed:false
216 silly fetch manifest @rollup/rollup-freebsd-arm64@4.53.3
217 silly packumentCache full:https://registry.npmjs.org/@rollup%2frollup-freebsd-arm64 cache-miss
218 http fetch GET 200 https://registry.npmjs.org/@esbuild%2fopenharmony-arm64 63ms (cache miss)
219 silly packumentCache full:https://registry.npmjs.org/@esbuild%2fopenharmony-arm64 set size:undefined disposed:false
220 silly fetch manifest @rollup/rollup-linux-arm64-gnu@4.53.3
221 silly packumentCache full:https://registry.npmjs.org/@rollup%2frollup-linux-arm64-gnu cache-miss
222 http fetch GET 200 https://registry.npmjs.org/@esbuild%2flinux-loong64 84ms (cache miss)
223 silly packumentCache full:https://registry.npmjs.org/@esbuild%2flinux-loong64 set size:undefined disposed:false
224 silly fetch manifest @rollup/rollup-linux-arm64-musl@4.53.3
225 silly packumentCache full:https://registry.npmjs.org/@rollup%2frollup-linux-arm64-musl cache-miss
226 http fetch GET 200 https://registry.npmjs.org/@esbuild%2fopenbsd-arm64 78ms (cache miss)
227 silly packumentCache full:https://registry.npmjs.org/@esbuild%2fopenbsd-arm64 set size:undefined disposed:false
228 silly fetch manifest @rollup/rollup-android-arm-eabi@4.53.3
229 silly packumentCache full:https://registry.npmjs.org/@rollup%2frollup-android-arm-eabi cache-miss
230 http fetch GET 200 https://registry.npmjs.org/@esbuild%2ffreebsd-arm64 92ms (cache miss)
231 silly packumentCache full:https://registry.npmjs.org/@esbuild%2ffreebsd-arm64 set size:undefined disposed:false
232 silly fetch manifest @rollup/rollup-linux-arm-gnueabihf@4.53.3
233 silly packumentCache full:https://registry.npmjs.org/@rollup%2frollup-linux-arm-gnueabihf cache-miss
234 http fetch GET 200 https://registry.npmjs.org/source-map-js 55ms (cache revalidated)
235 silly packumentCache full:https://registry.npmjs.org/source-map-js set size:62640 disposed:false
236 silly fetch manifest @rollup/rollup-linux-arm-musleabihf@4.53.3
237 silly packumentCache full:https://registry.npmjs.org/@rollup%2frollup-linux-arm-musleabihf cache-miss
238 http fetch GET 200 https://registry.npmjs.org/@esbuild%2flinux-mips64el 86ms (cache miss)
239 silly packumentCache full:https://registry.npmjs.org/@esbuild%2flinux-mips64el set size:undefined disposed:false
240 silly fetch manifest @rollup/rollup-win32-ia32-msvc@4.53.3
241 silly packumentCache full:https://registry.npmjs.org/@rollup%2frollup-win32-ia32-msvc cache-miss
242 http fetch GET 200 https://registry.npmjs.org/@types%2festree 67ms (cache revalidated)
243 silly packumentCache full:https://registry.npmjs.org/@types%2festree set size:74091 disposed:false
244 silly fetch manifest @rollup/rollup-linux-loong64-gnu@4.53.3
245 silly packumentCache full:https://registry.npmjs.org/@rollup%2frollup-linux-loong64-gnu cache-miss
246 http fetch GET 200 https://registry.npmjs.org/@rollup%2frollup-darwin-arm64 71ms (cache miss)
247 silly packumentCache full:https://registry.npmjs.org/@rollup%2frollup-darwin-arm64 set size:undefined disposed:false
248 silly fetch manifest @rollup/rollup-linux-riscv64-gnu@4.53.3
249 silly packumentCache full:https://registry.npmjs.org/@rollup%2frollup-linux-riscv64-gnu cache-miss
250 http fetch GET 200 https://registry.npmjs.org/@rollup%2frollup-freebsd-arm64 58ms (cache miss)
251 silly packumentCache full:https://registry.npmjs.org/@rollup%2frollup-freebsd-arm64 set size:undefined disposed:false
252 silly fetch manifest @rollup/rollup-linux-riscv64-musl@4.53.3
253 silly packumentCache full:https://registry.npmjs.org/@rollup%2frollup-linux-riscv64-musl cache-miss
254 http fetch GET 200 https://registry.npmjs.org/@rollup%2frollup-android-arm64 70ms (cache miss)
255 silly packumentCache full:https://registry.npmjs.org/@rollup%2frollup-android-arm64 set size:undefined disposed:false
256 silly fetch manifest @rollup/rollup-linux-ppc64-gnu@4.53.3
257 silly packumentCache full:https://registry.npmjs.org/@rollup%2frollup-linux-ppc64-gnu cache-miss
258 http fetch GET 200 https://registry.npmjs.org/@rollup%2frollup-linux-arm64-gnu 70ms (cache miss)
259 silly packumentCache full:https://registry.npmjs.org/@rollup%2frollup-linux-arm64-gnu set size:undefined disposed:false
260 silly fetch manifest @rollup/rollup-linux-s390x-gnu@4.53.3
261 silly packumentCache full:https://registry.npmjs.org/@rollup%2frollup-linux-s390x-gnu cache-miss
262 http fetch GET 200 https://registry.npmjs.org/@rollup%2frollup-win32-arm64-msvc 82ms (cache miss)
263 silly packumentCache full:https://registry.npmjs.org/@rollup%2frollup-win32-arm64-msvc set size:undefined disposed:false
264 silly fetch manifest @rollup/rollup-darwin-x64@4.53.3
265 silly packumentCache full:https://registry.npmjs.org/@rollup%2frollup-darwin-x64 cache-miss
266 http fetch GET 200 https://registry.npmjs.org/@rollup%2frollup-android-arm-eabi 77ms (cache miss)
267 silly packumentCache full:https://registry.npmjs.org/@rollup%2frollup-android-arm-eabi set size:undefined disposed:false
268 silly fetch manifest @rollup/rollup-win32-x64-gnu@4.53.3
269 silly packumentCache full:https://registry.npmjs.org/@rollup%2frollup-win32-x64-gnu cache-miss
270 http fetch GET 200 https://registry.npmjs.org/@rollup%2frollup-linux-arm64-musl 84ms (cache miss)
271 silly packumentCache full:https://registry.npmjs.org/@rollup%2frollup-linux-arm64-musl set size:undefined disposed:false
272 silly fetch manifest @rollup/rollup-win32-x64-msvc@4.53.3
273 silly packumentCache full:https://registry.npmjs.org/@rollup%2frollup-win32-x64-msvc cache-miss
274 http fetch GET 200 https://registry.npmjs.org/@rollup%2frollup-linux-arm-gnueabihf 82ms (cache miss)
275 silly packumentCache full:https://registry.npmjs.org/@rollup%2frollup-linux-arm-gnueabihf set size:undefined disposed:false
276 silly fetch manifest @rollup/rollup-freebsd-x64@4.53.3
277 silly packumentCache full:https://registry.npmjs.org/@rollup%2frollup-freebsd-x64 cache-miss
278 http fetch GET 200 https://registry.npmjs.org/@rollup%2frollup-linux-arm-musleabihf 83ms (cache miss)
279 silly packumentCache full:https://registry.npmjs.org/@rollup%2frollup-linux-arm-musleabihf set size:undefined disposed:false
280 silly fetch manifest @rollup/rollup-linux-x64-gnu@4.53.3
281 silly packumentCache full:https://registry.npmjs.org/@rollup%2frollup-linux-x64-gnu cache-miss
282 http fetch GET 200 https://registry.npmjs.org/@rollup%2frollup-linux-loong64-gnu 70ms (cache miss)
283 silly packumentCache full:https://registry.npmjs.org/@rollup%2frollup-linux-loong64-gnu set size:undefined disposed:false
284 silly fetch manifest @rollup/rollup-linux-x64-musl@4.53.3
285 silly packumentCache full:https://registry.npmjs.org/@rollup%2frollup-linux-x64-musl cache-miss
286 http fetch GET 200 https://registry.npmjs.org/@rollup%2frollup-win32-ia32-msvc 85ms (cache miss)
287 silly packumentCache full:https://registry.npmjs.org/@rollup%2frollup-win32-ia32-msvc set size:undefined disposed:false
288 silly fetch manifest @rollup/rollup-openharmony-arm64@4.53.3
289 silly packumentCache full:https://registry.npmjs.org/@rollup%2frollup-openharmony-arm64 cache-miss
290 http fetch GET 200 https://registry.npmjs.org/@rollup%2frollup-linux-riscv64-gnu 64ms (cache miss)
291 silly packumentCache full:https://registry.npmjs.org/@rollup%2frollup-linux-riscv64-gnu set size:undefined disposed:false
292 http fetch GET 200 https://registry.npmjs.org/@rollup%2frollup-linux-ppc64-gnu 62ms (cache miss)
293 silly packumentCache full:https://registry.npmjs.org/@rollup%2frollup-linux-ppc64-gnu set size:undefined disposed:false
294 http fetch GET 200 https://registry.npmjs.org/@rollup%2frollup-linux-riscv64-musl 67ms (cache miss)
295 silly packumentCache full:https://registry.npmjs.org/@rollup%2frollup-linux-riscv64-musl set size:undefined disposed:false
296 http fetch GET 200 https://registry.npmjs.org/@rollup%2frollup-darwin-x64 64ms (cache miss)
297 silly packumentCache full:https://registry.npmjs.org/@rollup%2frollup-darwin-x64 set size:undefined disposed:false
298 http fetch GET 200 https://registry.npmjs.org/@rollup%2frollup-win32-x64-gnu 62ms (cache miss)
299 silly packumentCache full:https://registry.npmjs.org/@rollup%2frollup-win32-x64-gnu set size:undefined disposed:false
300 http fetch GET 200 https://registry.npmjs.org/@rollup%2frollup-linux-s390x-gnu 77ms (cache miss)
301 silly packumentCache full:https://registry.npmjs.org/@rollup%2frollup-linux-s390x-gnu set size:undefined disposed:false
302 http fetch GET 200 https://registry.npmjs.org/@rollup%2frollup-openharmony-arm64 69ms (cache miss)
303 silly packumentCache full:https://registry.npmjs.org/@rollup%2frollup-openharmony-arm64 set size:undefined disposed:false
304 http fetch GET 200 https://registry.npmjs.org/@rollup%2frollup-linux-x64-musl 74ms (cache miss)
305 silly packumentCache full:https://registry.npmjs.org/@rollup%2frollup-linux-x64-musl set size:undefined disposed:false
306 http fetch GET 200 https://registry.npmjs.org/@rollup%2frollup-win32-x64-msvc 90ms (cache miss)
307 silly packumentCache full:https://registry.npmjs.org/@rollup%2frollup-win32-x64-msvc set size:undefined disposed:false
308 http fetch GET 200 https://registry.npmjs.org/@rollup%2frollup-freebsd-x64 91ms (cache miss)
309 silly packumentCache full:https://registry.npmjs.org/@rollup%2frollup-freebsd-x64 set size:undefined disposed:false
310 http fetch GET 200 https://registry.npmjs.org/@rollup%2frollup-linux-x64-gnu 96ms (cache miss)
311 silly packumentCache full:https://registry.npmjs.org/@rollup%2frollup-linux-x64-gnu set size:undefined disposed:false
312 silly placeDep ROOT @esbuild/aix-ppc64@0.25.12 OK for: esbuild@0.25.12 want: 0.25.12
313 silly placeDep ROOT @esbuild/android-arm@0.25.12 OK for: esbuild@0.25.12 want: 0.25.12
314 silly placeDep ROOT @esbuild/android-arm64@0.25.12 OK for: esbuild@0.25.12 want: 0.25.12
315 silly placeDep ROOT @esbuild/android-x64@0.25.12 OK for: esbuild@0.25.12 want: 0.25.12
316 silly placeDep ROOT @esbuild/darwin-arm64@0.25.12 OK for: esbuild@0.25.12 want: 0.25.12
317 silly placeDep ROOT @esbuild/darwin-x64@0.25.12 OK for: esbuild@0.25.12 want: 0.25.12
318 silly placeDep ROOT @esbuild/freebsd-arm64@0.25.12 OK for: esbuild@0.25.12 want: 0.25.12
319 silly placeDep ROOT @esbuild/freebsd-x64@0.25.12 OK for: esbuild@0.25.12 want: 0.25.12
320 silly placeDep ROOT @esbuild/linux-arm@0.25.12 OK for: esbuild@0.25.12 want: 0.25.12
321 silly placeDep ROOT @esbuild/linux-arm64@0.25.12 OK for: esbuild@0.25.12 want: 0.25.12
322 silly placeDep ROOT @esbuild/linux-ia32@0.25.12 OK for: esbuild@0.25.12 want: 0.25.12
323 silly placeDep ROOT @esbuild/linux-loong64@0.25.12 OK for: esbuild@0.25.12 want: 0.25.12
324 silly placeDep ROOT @esbuild/linux-mips64el@0.25.12 OK for: esbuild@0.25.12 want: 0.25.12
325 silly placeDep ROOT @esbuild/linux-ppc64@0.25.12 OK for: esbuild@0.25.12 want: 0.25.12
326 silly placeDep ROOT @esbuild/linux-riscv64@0.25.12 OK for: esbuild@0.25.12 want: 0.25.12
327 silly placeDep ROOT @esbuild/linux-s390x@0.25.12 OK for: esbuild@0.25.12 want: 0.25.12
328 silly placeDep ROOT @esbuild/linux-x64@0.25.12 OK for: esbuild@0.25.12 want: 0.25.12
329 silly placeDep ROOT @esbuild/netbsd-arm64@0.25.12 OK for: esbuild@0.25.12 want: 0.25.12
330 silly placeDep ROOT @esbuild/netbsd-x64@0.25.12 OK for: esbuild@0.25.12 want: 0.25.12
331 silly placeDep ROOT @esbuild/openbsd-arm64@0.25.12 OK for: esbuild@0.25.12 want: 0.25.12
332 silly placeDep ROOT @esbuild/openbsd-x64@0.25.12 OK for: esbuild@0.25.12 want: 0.25.12
333 silly placeDep ROOT @esbuild/openharmony-arm64@0.25.12 OK for: esbuild@0.25.12 want: 0.25.12
334 silly placeDep ROOT @esbuild/sunos-x64@0.25.12 OK for: esbuild@0.25.12 want: 0.25.12
335 silly placeDep ROOT @esbuild/win32-arm64@0.25.12 OK for: esbuild@0.25.12 want: 0.25.12
336 silly placeDep ROOT @esbuild/win32-ia32@0.25.12 OK for: esbuild@0.25.12 want: 0.25.12
337 silly placeDep ROOT @esbuild/win32-x64@0.25.12 OK for: esbuild@0.25.12 want: 0.25.12
338 silly placeDep ROOT nanoid@3.3.11 OK for: postcss@8.5.6 want: ^3.3.11
339 silly placeDep ROOT picocolors@1.1.1 OK for: postcss@8.5.6 want: ^1.1.1
340 silly placeDep ROOT source-map-js@1.2.1 OK for: postcss@8.5.6 want: ^1.2.1
341 silly placeDep ROOT @rollup/rollup-android-arm-eabi@4.53.3 OK for: rollup@4.53.3 want: 4.53.3
342 silly placeDep ROOT @rollup/rollup-android-arm64@4.53.3 OK for: rollup@4.53.3 want: 4.53.3
343 silly placeDep ROOT @rollup/rollup-darwin-arm64@4.53.3 OK for: rollup@4.53.3 want: 4.53.3
344 silly placeDep ROOT @rollup/rollup-darwin-x64@4.53.3 OK for: rollup@4.53.3 want: 4.53.3
345 silly placeDep ROOT @rollup/rollup-freebsd-arm64@4.53.3 OK for: rollup@4.53.3 want: 4.53.3
346 silly placeDep ROOT @rollup/rollup-freebsd-x64@4.53.3 OK for: rollup@4.53.3 want: 4.53.3
347 silly placeDep ROOT @rollup/rollup-linux-arm-gnueabihf@4.53.3 OK for: rollup@4.53.3 want: 4.53.3
348 silly placeDep ROOT @rollup/rollup-linux-arm-musleabihf@4.53.3 OK for: rollup@4.53.3 want: 4.53.3
349 silly placeDep ROOT @rollup/rollup-linux-arm64-gnu@4.53.3 OK for: rollup@4.53.3 want: 4.53.3
350 silly placeDep ROOT @rollup/rollup-linux-arm64-musl@4.53.3 OK for: rollup@4.53.3 want: 4.53.3
351 silly placeDep ROOT @rollup/rollup-linux-loong64-gnu@4.53.3 OK for: rollup@4.53.3 want: 4.53.3
352 silly placeDep ROOT @rollup/rollup-linux-ppc64-gnu@4.53.3 OK for: rollup@4.53.3 want: 4.53.3
353 silly placeDep ROOT @rollup/rollup-linux-riscv64-gnu@4.53.3 OK for: rollup@4.53.3 want: 4.53.3
354 silly placeDep ROOT @rollup/rollup-linux-riscv64-musl@4.53.3 OK for: rollup@4.53.3 want: 4.53.3
355 silly placeDep ROOT @rollup/rollup-linux-s390x-gnu@4.53.3 OK for: rollup@4.53.3 want: 4.53.3
356 silly placeDep ROOT @rollup/rollup-linux-x64-gnu@4.53.3 OK for: rollup@4.53.3 want: 4.53.3
357 silly placeDep ROOT @rollup/rollup-linux-x64-musl@4.53.3 OK for: rollup@4.53.3 want: 4.53.3
358 silly placeDep ROOT @rollup/rollup-openharmony-arm64@4.53.3 OK for: rollup@4.53.3 want: 4.53.3
359 silly placeDep ROOT @rollup/rollup-win32-arm64-msvc@4.53.3 OK for: rollup@4.53.3 want: 4.53.3
360 silly placeDep ROOT @rollup/rollup-win32-ia32-msvc@4.53.3 OK for: rollup@4.53.3 want: 4.53.3
361 silly placeDep ROOT @rollup/rollup-win32-x64-gnu@4.53.3 OK for: rollup@4.53.3 want: 4.53.3
362 silly placeDep ROOT @rollup/rollup-win32-x64-msvc@4.53.3 OK for: rollup@4.53.3 want: 4.53.3
363 silly placeDep ROOT @types/estree@1.0.8 OK for: rollup@4.53.3 want: 1.0.8
364 silly reify moves {}
365 silly audit bulk request {
365 silly audit   react: [ '19.2.0' ],
365 silly audit   'react-icons': [ '5.5.0' ],
365 silly audit   vite: [ '7.2.4' ],
365 silly audit   esbuild: [ '0.25.12' ],
365 silly audit   fdir: [ '6.5.0' ],
365 silly audit   fsevents: [ '2.3.3' ],
365 silly audit   picomatch: [ '4.0.3' ],
365 silly audit   postcss: [ '8.5.6' ],
365 silly audit   rollup: [ '4.53.3' ],
365 silly audit   tinyglobby: [ '0.2.15' ],
365 silly audit   '@esbuild/aix-ppc64': [ '0.25.12' ],
365 silly audit   '@esbuild/android-arm': [ '0.25.12' ],
365 silly audit   '@esbuild/android-arm64': [ '0.25.12' ],
365 silly audit   '@esbuild/android-x64': [ '0.25.12' ],
365 silly audit   '@esbuild/darwin-arm64': [ '0.25.12' ],
365 silly audit   '@esbuild/darwin-x64': [ '0.25.12' ],
365 silly audit   '@esbuild/freebsd-arm64': [ '0.25.12' ],
365 silly audit   '@esbuild/freebsd-x64': [ '0.25.12' ],
365 silly audit   '@esbuild/linux-arm': [ '0.25.12' ],
365 silly audit   '@esbuild/linux-arm64': [ '0.25.12' ],
365 silly audit   '@esbuild/linux-ia32': [ '0.25.12' ],
365 silly audit   '@esbuild/linux-loong64': [ '0.25.12' ],
365 silly audit   '@esbuild/linux-mips64el': [ '0.25.12' ],
365 silly audit   '@esbuild/linux-ppc64': [ '0.25.12' ],
365 silly audit   '@esbuild/linux-riscv64': [ '0.25.12' ],
365 silly audit   '@esbuild/linux-s390x': [ '0.25.12' ],
365 silly audit   '@esbuild/linux-x64': [ '0.25.12' ],
365 silly audit   '@esbuild/netbsd-arm64': [ '0.25.12' ],
365 silly audit   '@esbuild/netbsd-x64': [ '0.25.12' ],
365 silly audit   '@esbuild/openbsd-arm64': [ '0.25.12' ],
365 silly audit   '@esbuild/openbsd-x64': [ '0.25.12' ],
365 silly audit   '@esbuild/openharmony-arm64': [ '0.25.12' ],
365 silly audit   '@esbuild/sunos-x64': [ '0.25.12' ],
365 silly audit   '@esbuild/win32-arm64': [ '0.25.12' ],
365 silly audit   '@esbuild/win32-ia32': [ '0.25.12' ],
365 silly audit   '@esbuild/win32-x64': [ '0.25.12' ],
365 silly audit   nanoid: [ '3.3.11' ],
365 silly audit   picocolors: [ '1.1.1' ],
365 silly audit   'source-map-js': [ '1.2.1' ],
365 silly audit   '@rollup/rollup-android-arm-eabi': [ '4.53.3' ],
365 silly audit   '@rollup/rollup-android-arm64': [ '4.53.3' ],
365 silly audit   '@rollup/rollup-darwin-arm64': [ '4.53.3' ],
365 silly audit   '@rollup/rollup-darwin-x64': [ '4.53.3' ],
365 silly audit   '@rollup/rollup-freebsd-arm64': [ '4.53.3' ],
365 silly audit   '@rollup/rollup-freebsd-x64': [ '4.53.3' ],
365 silly audit   '@rollup/rollup-linux-arm-gnueabihf': [ '4.53.3' ],
365 silly audit   '@rollup/rollup-linux-arm-musleabihf': [ '4.53.3' ],
365 silly audit   '@rollup/rollup-linux-arm64-gnu': [ '4.53.3' ],
365 silly audit   '@rollup/rollup-linux-arm64-musl': [ '4.53.3' ],
365 silly audit   '@rollup/rollup-linux-loong64-gnu': [ '4.53.3' ],
365 silly audit   '@rollup/rollup-linux-ppc64-gnu': [ '4.53.3' ],
365 silly audit   '@rollup/rollup-linux-riscv64-gnu': [ '4.53.3' ],
365 silly audit   '@rollup/rollup-linux-riscv64-musl': [ '4.53.3' ],
365 silly audit   '@rollup/rollup-linux-s390x-gnu': [ '4.53.3' ],
365 silly audit   '@rollup/rollup-linux-x64-gnu': [ '4.53.3' ],
365 silly audit   '@rollup/rollup-linux-x64-musl': [ '4.53.3' ],
365 silly audit   '@rollup/rollup-openharmony-arm64': [ '4.53.3' ],
365 silly audit   '@rollup/rollup-win32-arm64-msvc': [ '4.53.3' ],
365 silly audit   '@rollup/rollup-win32-ia32-msvc': [ '4.53.3' ],
365 silly audit   '@rollup/rollup-win32-x64-gnu': [ '4.53.3' ],
365 silly audit   '@rollup/rollup-win32-x64-msvc': [ '4.53.3' ],
365 silly audit   '@types/estree': [ '1.0.8' ]
365 silly audit }
366 verbose reify failed optional dependency C:\GitHub\TECHNOPULSE\node_modules\@rollup\rollup-win32-ia32-msvc
367 silly reify mark deleted [
367 silly reify   'C:\\GitHub\\TECHNOPULSE\\node_modules\\@rollup\\rollup-win32-ia32-msvc'
367 silly reify ]
368 verbose reify failed optional dependency C:\GitHub\TECHNOPULSE\node_modules\@rollup\rollup-win32-arm64-msvc
369 silly reify mark deleted [
369 silly reify   'C:\\GitHub\\TECHNOPULSE\\node_modules\\@rollup\\rollup-win32-arm64-msvc'
369 silly reify ]
370 verbose reify failed optional dependency C:\GitHub\TECHNOPULSE\node_modules\@rollup\rollup-openharmony-arm64
371 silly reify mark deleted [
371 silly reify   'C:\\GitHub\\TECHNOPULSE\\node_modules\\@rollup\\rollup-openharmony-arm64'
371 silly reify ]
372 verbose reify failed optional dependency C:\GitHub\TECHNOPULSE\node_modules\@rollup\rollup-linux-x64-musl
373 silly reify mark deleted [
373 silly reify   'C:\\GitHub\\TECHNOPULSE\\node_modules\\@rollup\\rollup-linux-x64-musl'
373 silly reify ]
374 verbose reify failed optional dependency C:\GitHub\TECHNOPULSE\node_modules\@rollup\rollup-linux-x64-gnu
375 silly reify mark deleted [
375 silly reify   'C:\\GitHub\\TECHNOPULSE\\node_modules\\@rollup\\rollup-linux-x64-gnu'
375 silly reify ]
376 verbose reify failed optional dependency C:\GitHub\TECHNOPULSE\node_modules\@rollup\rollup-linux-s390x-gnu
377 silly reify mark deleted [
377 silly reify   'C:\\GitHub\\TECHNOPULSE\\node_modules\\@rollup\\rollup-linux-s390x-gnu'
377 silly reify ]
378 verbose reify failed optional dependency C:\GitHub\TECHNOPULSE\node_modules\@rollup\rollup-linux-riscv64-musl
379 silly reify mark deleted [
379 silly reify   'C:\\GitHub\\TECHNOPULSE\\node_modules\\@rollup\\rollup-linux-riscv64-musl'
379 silly reify ]
380 verbose reify failed optional dependency C:\GitHub\TECHNOPULSE\node_modules\@rollup\rollup-linux-riscv64-gnu
381 silly reify mark deleted [
381 silly reify   'C:\\GitHub\\TECHNOPULSE\\node_modules\\@rollup\\rollup-linux-riscv64-gnu'
381 silly reify ]
382 verbose reify failed optional dependency C:\GitHub\TECHNOPULSE\node_modules\@rollup\rollup-linux-ppc64-gnu
383 silly reify mark deleted [
383 silly reify   'C:\\GitHub\\TECHNOPULSE\\node_modules\\@rollup\\rollup-linux-ppc64-gnu'
383 silly reify ]
384 verbose reify failed optional dependency C:\GitHub\TECHNOPULSE\node_modules\@rollup\rollup-linux-loong64-gnu
385 silly reify mark deleted [
385 silly reify   'C:\\GitHub\\TECHNOPULSE\\node_modules\\@rollup\\rollup-linux-loong64-gnu'
385 silly reify ]
386 verbose reify failed optional dependency C:\GitHub\TECHNOPULSE\node_modules\@rollup\rollup-linux-arm64-musl
387 silly reify mark deleted [
387 silly reify   'C:\\GitHub\\TECHNOPULSE\\node_modules\\@rollup\\rollup-linux-arm64-musl'
387 silly reify ]
388 verbose reify failed optional dependency C:\GitHub\TECHNOPULSE\node_modules\@rollup\rollup-linux-arm64-gnu
389 silly reify mark deleted [
389 silly reify   'C:\\GitHub\\TECHNOPULSE\\node_modules\\@rollup\\rollup-linux-arm64-gnu'
389 silly reify ]
390 verbose reify failed optional dependency C:\GitHub\TECHNOPULSE\node_modules\@rollup\rollup-linux-arm-musleabihf
391 silly reify mark deleted [
391 silly reify   'C:\\GitHub\\TECHNOPULSE\\node_modules\\@rollup\\rollup-linux-arm-musleabihf'
391 silly reify ]
392 verbose reify failed optional dependency C:\GitHub\TECHNOPULSE\node_modules\@rollup\rollup-linux-arm-gnueabihf
393 silly reify mark deleted [
393 silly reify   'C:\\GitHub\\TECHNOPULSE\\node_modules\\@rollup\\rollup-linux-arm-gnueabihf'
393 silly reify ]
394 verbose reify failed optional dependency C:\GitHub\TECHNOPULSE\node_modules\@rollup\rollup-freebsd-x64
395 silly reify mark deleted [
395 silly reify   'C:\\GitHub\\TECHNOPULSE\\node_modules\\@rollup\\rollup-freebsd-x64'
395 silly reify ]
396 verbose reify failed optional dependency C:\GitHub\TECHNOPULSE\node_modules\@rollup\rollup-freebsd-arm64
397 silly reify mark deleted [
397 silly reify   'C:\\GitHub\\TECHNOPULSE\\node_modules\\@rollup\\rollup-freebsd-arm64'
397 silly reify ]
398 verbose reify failed optional dependency C:\GitHub\TECHNOPULSE\node_modules\@rollup\rollup-darwin-x64
399 silly reify mark deleted [ 'C:\\GitHub\\TECHNOPULSE\\node_modules\\@rollup\\rollup-darwin-x64' ]
400 verbose reify failed optional dependency C:\GitHub\TECHNOPULSE\node_modules\@rollup\rollup-darwin-arm64
401 silly reify mark deleted [
401 silly reify   'C:\\GitHub\\TECHNOPULSE\\node_modules\\@rollup\\rollup-darwin-arm64'
401 silly reify ]
402 verbose reify failed optional dependency C:\GitHub\TECHNOPULSE\node_modules\@rollup\rollup-android-arm64
403 silly reify mark deleted [
403 silly reify   'C:\\GitHub\\TECHNOPULSE\\node_modules\\@rollup\\rollup-android-arm64'
403 silly reify ]
404 verbose reify failed optional dependency C:\GitHub\TECHNOPULSE\node_modules\@rollup\rollup-android-arm-eabi
405 silly reify mark deleted [
405 silly reify   'C:\\GitHub\\TECHNOPULSE\\node_modules\\@rollup\\rollup-android-arm-eabi'
405 silly reify ]
406 verbose reify failed optional dependency C:\GitHub\TECHNOPULSE\node_modules\@esbuild\win32-ia32
407 silly reify mark deleted [ 'C:\\GitHub\\TECHNOPULSE\\node_modules\\@esbuild\\win32-ia32' ]
408 verbose reify failed optional dependency C:\GitHub\TECHNOPULSE\node_modules\@esbuild\win32-arm64
409 silly reify mark deleted [ 'C:\\GitHub\\TECHNOPULSE\\node_modules\\@esbuild\\win32-arm64' ]
410 verbose reify failed optional dependency C:\GitHub\TECHNOPULSE\node_modules\@esbuild\sunos-x64
411 silly reify mark deleted [ 'C:\\GitHub\\TECHNOPULSE\\node_modules\\@esbuild\\sunos-x64' ]
412 verbose reify failed optional dependency C:\GitHub\TECHNOPULSE\node_modules\@esbuild\openharmony-arm64
413 silly reify mark deleted [
413 silly reify   'C:\\GitHub\\TECHNOPULSE\\node_modules\\@esbuild\\openharmony-arm64'
413 silly reify ]
414 verbose reify failed optional dependency C:\GitHub\TECHNOPULSE\node_modules\@esbuild\openbsd-x64
415 silly reify mark deleted [ 'C:\\GitHub\\TECHNOPULSE\\node_modules\\@esbuild\\openbsd-x64' ]
416 verbose reify failed optional dependency C:\GitHub\TECHNOPULSE\node_modules\@esbuild\openbsd-arm64
417 silly reify mark deleted [ 'C:\\GitHub\\TECHNOPULSE\\node_modules\\@esbuild\\openbsd-arm64' ]
418 verbose reify failed optional dependency C:\GitHub\TECHNOPULSE\node_modules\@esbuild\netbsd-x64
419 silly reify mark deleted [ 'C:\\GitHub\\TECHNOPULSE\\node_modules\\@esbuild\\netbsd-x64' ]
420 verbose reify failed optional dependency C:\GitHub\TECHNOPULSE\node_modules\@esbuild\netbsd-arm64
421 silly reify mark deleted [ 'C:\\GitHub\\TECHNOPULSE\\node_modules\\@esbuild\\netbsd-arm64' ]
422 verbose reify failed optional dependency C:\GitHub\TECHNOPULSE\node_modules\@esbuild\linux-x64
423 silly reify mark deleted [ 'C:\\GitHub\\TECHNOPULSE\\node_modules\\@esbuild\\linux-x64' ]
424 verbose reify failed optional dependency C:\GitHub\TECHNOPULSE\node_modules\@esbuild\linux-s390x
425 silly reify mark deleted [ 'C:\\GitHub\\TECHNOPULSE\\node_modules\\@esbuild\\linux-s390x' ]
426 verbose reify failed optional dependency C:\GitHub\TECHNOPULSE\node_modules\@esbuild\linux-riscv64
427 silly reify mark deleted [ 'C:\\GitHub\\TECHNOPULSE\\node_modules\\@esbuild\\linux-riscv64' ]
428 verbose reify failed optional dependency C:\GitHub\TECHNOPULSE\node_modules\@esbuild\linux-ppc64
429 silly reify mark deleted [ 'C:\\GitHub\\TECHNOPULSE\\node_modules\\@esbuild\\linux-ppc64' ]
430 verbose reify failed optional dependency C:\GitHub\TECHNOPULSE\node_modules\@esbuild\linux-mips64el
431 silly reify mark deleted [ 'C:\\GitHub\\TECHNOPULSE\\node_modules\\@esbuild\\linux-mips64el' ]
432 verbose reify failed optional dependency C:\GitHub\TECHNOPULSE\node_modules\@esbuild\linux-loong64
433 silly reify mark deleted [ 'C:\\GitHub\\TECHNOPULSE\\node_modules\\@esbuild\\linux-loong64' ]
434 verbose reify failed optional dependency C:\GitHub\TECHNOPULSE\node_modules\@esbuild\linux-ia32
435 silly reify mark deleted [ 'C:\\GitHub\\TECHNOPULSE\\node_modules\\@esbuild\\linux-ia32' ]
436 verbose reify failed optional dependency C:\GitHub\TECHNOPULSE\node_modules\@esbuild\linux-arm64
437 silly reify mark deleted [ 'C:\\GitHub\\TECHNOPULSE\\node_modules\\@esbuild\\linux-arm64' ]
438 verbose reify failed optional dependency C:\GitHub\TECHNOPULSE\node_modules\@esbuild\linux-arm
439 silly reify mark deleted [ 'C:\\GitHub\\TECHNOPULSE\\node_modules\\@esbuild\\linux-arm' ]
440 verbose reify failed optional dependency C:\GitHub\TECHNOPULSE\node_modules\@esbuild\freebsd-x64
441 silly reify mark deleted [ 'C:\\GitHub\\TECHNOPULSE\\node_modules\\@esbuild\\freebsd-x64' ]
442 verbose reify failed optional dependency C:\GitHub\TECHNOPULSE\node_modules\@esbuild\freebsd-arm64
443 silly reify mark deleted [ 'C:\\GitHub\\TECHNOPULSE\\node_modules\\@esbuild\\freebsd-arm64' ]
444 verbose reify failed optional dependency C:\GitHub\TECHNOPULSE\node_modules\@esbuild\darwin-x64
445 silly reify mark deleted [ 'C:\\GitHub\\TECHNOPULSE\\node_modules\\@esbuild\\darwin-x64' ]
446 verbose reify failed optional dependency C:\GitHub\TECHNOPULSE\node_modules\@esbuild\darwin-arm64
447 silly reify mark deleted [ 'C:\\GitHub\\TECHNOPULSE\\node_modules\\@esbuild\\darwin-arm64' ]
448 verbose reify failed optional dependency C:\GitHub\TECHNOPULSE\node_modules\@esbuild\android-x64
449 silly reify mark deleted [ 'C:\\GitHub\\TECHNOPULSE\\node_modules\\@esbuild\\android-x64' ]
450 verbose reify failed optional dependency C:\GitHub\TECHNOPULSE\node_modules\@esbuild\android-arm64
451 silly reify mark deleted [ 'C:\\GitHub\\TECHNOPULSE\\node_modules\\@esbuild\\android-arm64' ]
452 verbose reify failed optional dependency C:\GitHub\TECHNOPULSE\node_modules\@esbuild\android-arm
453 silly reify mark deleted [ 'C:\\GitHub\\TECHNOPULSE\\node_modules\\@esbuild\\android-arm' ]
454 verbose reify failed optional dependency C:\GitHub\TECHNOPULSE\node_modules\@esbuild\aix-ppc64
455 silly reify mark deleted [ 'C:\\GitHub\\TECHNOPULSE\\node_modules\\@esbuild\\aix-ppc64' ]
456 verbose reify failed optional dependency C:\GitHub\TECHNOPULSE\node_modules\fsevents
457 silly reify mark deleted [ 'C:\\GitHub\\TECHNOPULSE\\node_modules\\fsevents' ]
458 silly tarball no local data for @rollup/rollup-win32-x64-gnu@https://registry.npmjs.org/@rollup/rollup-win32-x64-gnu/-/rollup-win32-x64-gnu-4.53.3.tgz. Extracting by manifest.
459 silly tarball no local data for @rollup/rollup-win32-x64-msvc@https://registry.npmjs.org/@rollup/rollup-win32-x64-msvc/-/rollup-win32-x64-msvc-4.53.3.tgz. Extracting by manifest.
460 silly tarball no local data for @esbuild/win32-x64@https://registry.npmjs.org/@esbuild/win32-x64/-/win32-x64-0.25.12.tgz. Extracting by manifest.
461 silly tarball no local data for rollup@https://registry.npmjs.org/rollup/-/rollup-4.53.3.tgz. Extracting by manifest.
462 silly tarball no local data for esbuild@https://registry.npmjs.org/esbuild/-/esbuild-0.25.12.tgz. Extracting by manifest.
463 silly tarball no local data for vite@https://registry.npmjs.org/vite/-/vite-7.2.4.tgz. Extracting by manifest.
464 http fetch POST 200 https://registry.npmjs.org/-/npm/v1/security/advisories/bulk 266ms
465 silly audit report {}
466 http fetch GET 200 https://registry.npmjs.org/esbuild/-/esbuild-0.25.12.tgz 255ms (cache miss)
467 http fetch GET 200 https://registry.npmjs.org/@rollup/rollup-win32-x64-gnu/-/rollup-win32-x64-gnu-4.53.3.tgz 367ms (cache miss)
468 http fetch GET 200 https://registry.npmjs.org/@rollup/rollup-win32-x64-msvc/-/rollup-win32-x64-msvc-4.53.3.tgz 405ms (cache miss)
469 http fetch GET 200 https://registry.npmjs.org/@esbuild/win32-x64/-/win32-x64-0.25.12.tgz 479ms (cache miss)
470 http fetch GET 200 https://registry.npmjs.org/rollup/-/rollup-4.53.3.tgz 736ms (cache miss)
471 http fetch GET 200 https://registry.npmjs.org/vite/-/vite-7.2.4.tgz 767ms (cache miss)
472 info run esbuild@0.25.12 postinstall node_modules/esbuild node install.js
473 info run esbuild@0.25.12 postinstall { code: 0, signal: null }
474 silly ADD node_modules/@types/estree
475 silly ADD node_modules/@rollup/rollup-win32-x64-msvc
476 silly ADD node_modules/@rollup/rollup-win32-x64-gnu
477 silly ADD
478 silly ADD
479 silly ADD
480 silly ADD
481 silly ADD
482 silly ADD
483 silly ADD
484 silly ADD
485 silly ADD
486 silly ADD
487 silly ADD
488 silly ADD
489 silly ADD
490 silly ADD
491 silly ADD
492 silly ADD
493 silly ADD
494 silly ADD
495 silly ADD
496 silly ADD
497 silly ADD node_modules/source-map-js
498 silly ADD node_modules/picocolors
499 silly ADD node_modules/nanoid
500 silly ADD node_modules/@esbuild/win32-x64
501 silly ADD
502 silly ADD
503 silly ADD
504 silly ADD
505 silly ADD
506 silly ADD
507 silly ADD
508 silly ADD
509 silly ADD
510 silly ADD
511 silly ADD
512 silly ADD
513 silly ADD
514 silly ADD
515 silly ADD
516 silly ADD
517 silly ADD
518 silly ADD
519 silly ADD
520 silly ADD
521 silly ADD
522 silly ADD
523 silly ADD
524 silly ADD
525 silly ADD
526 silly ADD node_modules/tinyglobby
527 silly ADD node_modules/rollup
528 silly ADD node_modules/postcss
529 silly ADD node_modules/picomatch
530 silly ADD
531 silly ADD node_modules/fdir
532 silly ADD node_modules/esbuild
533 silly ADD node_modules/vite
534 verbose cwd C:\GitHub\TECHNOPULSE
535 verbose os Windows_NT 10.0.22631
536 verbose node v24.11.1
537 verbose npm  v10.8.2
538 verbose exit 0
539 info ok
